Archive member included to satisfy reference by file (symbol)

c:/program files (x86)/atollic/truestudio for stm32 9.0.1/armtools/bin/../lib/gcc/arm-atollic-eabi/6.3.1/../../../../arm-atollic-eabi/lib/armv6-m\libc_nano.a(lib_a-init.o)
                              startup\startup_stm32l072xx.o (__libc_init_array)
c:/program files (x86)/atollic/truestudio for stm32 9.0.1/armtools/bin/../lib/gcc/arm-atollic-eabi/6.3.1/../../../../arm-atollic-eabi/lib/armv6-m\libc_nano.a(lib_a-memcpy-stub.o)
                              Drivers\BSP\Components\lsm303agr\LSM303AGR_ACC_driver_HL.o (memcpy)
c:/program files (x86)/atollic/truestudio for stm32 9.0.1/armtools/bin/../lib/gcc/arm-atollic-eabi/6.3.1/../../../../arm-atollic-eabi/lib/armv6-m\libc_nano.a(lib_a-memset.o)
                              Core\src\stm32l0xx_hw.o (memset)
c:/program files (x86)/atollic/truestudio for stm32 9.0.1/armtools/bin/../lib/gcc/arm-atollic-eabi/6.3.1/../../../../arm-atollic-eabi/lib/armv6-m\libc_nano.a(lib_a-printf.o)
                              Drivers\BSP\Components\hts221\HTS221_Driver.o (printf)
c:/program files (x86)/atollic/truestudio for stm32 9.0.1/armtools/bin/../lib/gcc/arm-atollic-eabi/6.3.1/../../../../arm-atollic-eabi/lib/armv6-m\libc_nano.a(lib_a-strrchr.o)
                              Middlewares\Third_Party\LoRaWAN\Utilities\trace.o (strrchr)
c:/program files (x86)/atollic/truestudio for stm32 9.0.1/armtools/bin/../lib/gcc/arm-atollic-eabi/6.3.1/../../../../arm-atollic-eabi/lib/armv6-m\libc_nano.a(lib_a-vsnprintf.o)
                              Middlewares\Third_Party\LoRaWAN\Utilities\trace.o (vsnprintf)
c:/program files (x86)/atollic/truestudio for stm32 9.0.1/armtools/bin/../lib/gcc/arm-atollic-eabi/6.3.1/../../../../arm-atollic-eabi/lib/armv6-m\libc_nano.a(lib_a-findfp.o)
                              c:/program files (x86)/atollic/truestudio for stm32 9.0.1/armtools/bin/../lib/gcc/arm-atollic-eabi/6.3.1/../../../../arm-atollic-eabi/lib/armv6-m\libc_nano.a(lib_a-printf.o) (__sinit)
c:/program files (x86)/atollic/truestudio for stm32 9.0.1/armtools/bin/../lib/gcc/arm-atollic-eabi/6.3.1/../../../../arm-atollic-eabi/lib/armv6-m\libc_nano.a(lib_a-fwalk.o)
                              c:/program files (x86)/atollic/truestudio for stm32 9.0.1/armtools/bin/../lib/gcc/arm-atollic-eabi/6.3.1/../../../../arm-atollic-eabi/lib/armv6-m\libc_nano.a(lib_a-findfp.o) (_fwalk)
c:/program files (x86)/atollic/truestudio for stm32 9.0.1/armtools/bin/../lib/gcc/arm-atollic-eabi/6.3.1/../../../../arm-atollic-eabi/lib/armv6-m\libc_nano.a(lib_a-impure.o)
                              c:/program files (x86)/atollic/truestudio for stm32 9.0.1/armtools/bin/../lib/gcc/arm-atollic-eabi/6.3.1/../../../../arm-atollic-eabi/lib/armv6-m\libc_nano.a(lib_a-findfp.o) (_global_impure_ptr)
c:/program files (x86)/atollic/truestudio for stm32 9.0.1/armtools/bin/../lib/gcc/arm-atollic-eabi/6.3.1/../../../../arm-atollic-eabi/lib/armv6-m\libc_nano.a(lib_a-nano-mallocr.o)
                              c:/program files (x86)/atollic/truestudio for stm32 9.0.1/armtools/bin/../lib/gcc/arm-atollic-eabi/6.3.1/../../../../arm-atollic-eabi/lib/armv6-m\libc_nano.a(lib_a-findfp.o) (_malloc_r)
c:/program files (x86)/atollic/truestudio for stm32 9.0.1/armtools/bin/../lib/gcc/arm-atollic-eabi/6.3.1/../../../../arm-atollic-eabi/lib/armv6-m\libc_nano.a(lib_a-nano-svfprintf.o)
                              c:/program files (x86)/atollic/truestudio for stm32 9.0.1/armtools/bin/../lib/gcc/arm-atollic-eabi/6.3.1/../../../../arm-atollic-eabi/lib/armv6-m\libc_nano.a(lib_a-vsnprintf.o) (_svfprintf_r)
c:/program files (x86)/atollic/truestudio for stm32 9.0.1/armtools/bin/../lib/gcc/arm-atollic-eabi/6.3.1/../../../../arm-atollic-eabi/lib/armv6-m\libc_nano.a(lib_a-nano-vfprintf.o)
                              c:/program files (x86)/atollic/truestudio for stm32 9.0.1/armtools/bin/../lib/gcc/arm-atollic-eabi/6.3.1/../../../../arm-atollic-eabi/lib/armv6-m\libc_nano.a(lib_a-printf.o) (_vfprintf_r)
c:/program files (x86)/atollic/truestudio for stm32 9.0.1/armtools/bin/../lib/gcc/arm-atollic-eabi/6.3.1/../../../../arm-atollic-eabi/lib/armv6-m\libc_nano.a(lib_a-nano-vfprintf_i.o)
                              c:/program files (x86)/atollic/truestudio for stm32 9.0.1/armtools/bin/../lib/gcc/arm-atollic-eabi/6.3.1/../../../../arm-atollic-eabi/lib/armv6-m\libc_nano.a(lib_a-nano-svfprintf.o) (_printf_i)
c:/program files (x86)/atollic/truestudio for stm32 9.0.1/armtools/bin/../lib/gcc/arm-atollic-eabi/6.3.1/../../../../arm-atollic-eabi/lib/armv6-m\libc_nano.a(lib_a-sbrkr.o)
                              c:/program files (x86)/atollic/truestudio for stm32 9.0.1/armtools/bin/../lib/gcc/arm-atollic-eabi/6.3.1/../../../../arm-atollic-eabi/lib/armv6-m\libc_nano.a(lib_a-nano-mallocr.o) (_sbrk_r)
c:/program files (x86)/atollic/truestudio for stm32 9.0.1/armtools/bin/../lib/gcc/arm-atollic-eabi/6.3.1/../../../../arm-atollic-eabi/lib/armv6-m\libc_nano.a(lib_a-stdio.o)
[...]
Memory Configuration

Name             Origin             Length             Attributes
RAM              0x20000000         0x00005000         xrw
FLASH            0x08000000         0x00030000         xr
*default*        0x00000000         0xffffffff

Linker script and memory map

LOAD c:/program files (x86)/atollic/truestudio for stm32 9.0.1/armtools/bin/../lib/gcc/arm-atollic-eabi/6.3.1/armv6-m/crti.o
LOAD c:/program files (x86)/atollic/truestudio for stm32 9.0.1/armtools/bin/../lib/gcc/arm-atollic-eabi/6.3.1/armv6-m/crtbegin.o
LOAD Core\src\stm32l0xx_hal_msp.o
LOAD Core\src\stm32l0xx_hw.o
LOAD Core\src\stm32l0xx_it.o
LOAD Core\src\system_stm32l0xx.o
LOAD Drivers\BSP\Components\hts221\HTS221_Driver.o
LOAD Drivers\BSP\Components\hts221\HTS221_Driver_HL.o
LOAD Drivers\BSP\Components\lis3mdl\LIS3MDL_MAG_driver.o
LOAD Drivers\BSP\Components\lis3mdl\LIS3MDL_MAG_driver_HL.o
LOAD Drivers\BSP\Components\lps22hb\LPS22HB_Driver.o
LOAD Drivers\BSP\Components\lps22hb\LPS22HB_Driver_HL.o
LOAD Drivers\BSP\Components\lps25hb\LPS25HB_Driver.o
LOAD Drivers\BSP\Components\lps25hb\LPS25HB_Driver_HL.o
LOAD Drivers\BSP\Components\lsm303agr\LSM303AGR_ACC_driver.o
LOAD Drivers\BSP\Components\lsm303agr\LSM303AGR_ACC_driver_HL.o
LOAD Drivers\BSP\Components\lsm303agr\LSM303AGR_MAG_driver.o
LOAD Drivers\BSP\Components\lsm303agr\LSM303AGR_MAG_driver_HL.o
LOAD Drivers\BSP\Components\lsm6ds0\LSM6DS0_ACC_GYRO_driver.o
LOAD Drivers\BSP\Components\lsm6ds0\LSM6DS0_ACC_GYRO_driver_HL.o
LOAD Drivers\BSP\Components\lsm6ds3\LSM6DS3_ACC_GYRO_driver.o
LOAD Drivers\BSP\Components\lsm6ds3\LSM6DS3_ACC_GYRO_driver_HL.o
LOAD Drivers\BSP\Components\lsm6dsl\LSM6DSL_ACC_GYRO_driver.o
LOAD Drivers\BSP\Components\lsm6dsl\LSM6DSL_ACC_GYRO_driver_HL.o
LOAD Drivers\BSP\Components\sx1272\sx1272.o
LOAD Drivers\BSP\STM32L0xx_Nucleo\stm32l0xx_nucleo.o
LOAD Drivers\BSP\SX1272MB2DAS\sx1272mb2das.o
LOAD Drivers\STM32L0xx_HAL_Driver\Src\stm32l0xx_hal.o
LOAD Drivers\STM32L0xx_HAL_Driver\Src\stm32l0xx_hal_adc.o
LOAD Drivers\STM32L0xx_HAL_Driver\Src\stm32l0xx_hal_adc_ex.o
LOAD Drivers\STM32L0xx_HAL_Driver\Src\stm32l0xx_hal_comp.o
LOAD Drivers\STM32L0xx_HAL_Driver\Src\stm32l0xx_hal_comp_ex.o
LOAD Drivers\STM32L0xx_HAL_Driver\Src\stm32l0xx_hal_cortex.o
LOAD Drivers\STM32L0xx_HAL_Driver\Src\stm32l0xx_hal_crc.o
LOAD Drivers\STM32L0xx_HAL_Driver\Src\stm32l0xx_hal_crc_ex.o
LOAD Drivers\STM32L0xx_HAL_Driver\Src\stm32l0xx_hal_cryp.o
LOAD Drivers\STM32L0xx_HAL_Driver\Src\stm32l0xx_hal_cryp_ex.o
LOAD Drivers\STM32L0xx_HAL_Driver\Src\stm32l0xx_hal_dac.o
LOAD Drivers\STM32L0xx_HAL_Driver\Src\stm32l0xx_hal_dac_ex.o
LOAD Drivers\STM32L0xx_HAL_Driver\Src\stm32l0xx_hal_dma.o
LOAD Drivers\STM32L0xx_HAL_Driver\Src\stm32l0xx_hal_firewall.o
LOAD Drivers\STM32L0xx_HAL_Driver\Src\stm32l0xx_hal_flash.o
LOAD Drivers\STM32L0xx_HAL_Driver\Src\stm32l0xx_hal_flash_ex.o
LOAD Drivers\STM32L0xx_HAL_Driver\Src\stm32l0xx_hal_flash_ramfunc.o
LOAD Drivers\STM32L0xx_HAL_Driver\Src\stm32l0xx_hal_gpio.o
LOAD Drivers\STM32L0xx_HAL_Driver\Src\stm32l0xx_hal_i2c.o
LOAD Drivers\STM32L0xx_HAL_Driver\Src\stm32l0xx_hal_i2c_ex.o
LOAD Drivers\STM32L0xx_HAL_Driver\Src\stm32l0xx_hal_i2s.o
LOAD Drivers\STM32L0xx_HAL_Driver\Src\stm32l0xx_hal_irda.o
LOAD Drivers\STM32L0xx_HAL_Driver\Src\stm32l0xx_hal_iwdg.o
LOAD Drivers\STM32L0xx_HAL_Driver\Src\stm32l0xx_hal_lcd.o
LOAD Drivers\STM32L0xx_HAL_Driver\Src\stm32l0xx_hal_lptim.o
LOAD Drivers\STM32L0xx_HAL_Driver\Src\stm32l0xx_hal_pcd.o
LOAD Drivers\STM32L0xx_HAL_Driver\Src\stm32l0xx_hal_pcd_ex.o
LOAD Drivers\STM32L0xx_HAL_Driver\Src\stm32l0xx_hal_pwr.o
LOAD Drivers\STM32L0xx_HAL_Driver\Src\stm32l0xx_hal_pwr_ex.o
LOAD Drivers\STM32L0xx_HAL_Driver\Src\stm32l0xx_hal_rcc.o
LOAD Drivers\STM32L0xx_HAL_Driver\Src\stm32l0xx_hal_rcc_ex.o
LOAD Drivers\STM32L0xx_HAL_Driver\Src\stm32l0xx_hal_rng.o
LOAD Drivers\STM32L0xx_HAL_Driver\Src\stm32l0xx_hal_rtc.o
LOAD Drivers\STM32L0xx_HAL_Driver\Src\stm32l0xx_hal_rtc_ex.o
LOAD Drivers\STM32L0xx_HAL_Driver\Src\stm32l0xx_hal_smartcard.o
LOAD Drivers\STM32L0xx_HAL_Driver\Src\stm32l0xx_hal_smartcard_ex.o
LOAD Drivers\STM32L0xx_HAL_Driver\Src\stm32l0xx_hal_smbus.o
LOAD Drivers\STM32L0xx_HAL_Driver\Src\stm32l0xx_hal_spi.o
LOAD Drivers\STM32L0xx_HAL_Driver\Src\stm32l0xx_hal_tim.o
LOAD Drivers\STM32L0xx_HAL_Driver\Src\stm32l0xx_hal_tim_ex.o
LOAD Drivers\STM32L0xx_HAL_Driver\Src\stm32l0xx_hal_tsc.o
LOAD Drivers\STM32L0xx_HAL_Driver\Src\stm32l0xx_hal_uart.o
LOAD Drivers\STM32L0xx_HAL_Driver\Src\stm32l0xx_hal_uart_ex.o
LOAD Drivers\STM32L0xx_HAL_Driver\Src\stm32l0xx_hal_usart.o
LOAD Drivers\STM32L0xx_HAL_Driver\Src\stm32l0xx_hal_wwdg.o
LOAD Drivers\STM32L0xx_HAL_Driver\Src\stm32l0xx_ll_adc.o
LOAD Drivers\STM32L0xx_HAL_Driver\Src\stm32l0xx_ll_comp.o
LOAD Drivers\STM32L0xx_HAL_Driver\Src\stm32l0xx_ll_crc.o
LOAD Drivers\STM32L0xx_HAL_Driver\Src\stm32l0xx_ll_crs.o
LOAD Drivers\STM32L0xx_HAL_Driver\Src\stm32l0xx_ll_dac.o
LOAD Drivers\STM32L0xx_HAL_Driver\Src\stm32l0xx_ll_dma.o
LOAD Drivers\STM32L0xx_HAL_Driver\Src\stm32l0xx_ll_exti.o
LOAD Drivers\STM32L0xx_HAL_Driver\Src\stm32l0xx_ll_gpio.o
LOAD Drivers\STM32L0xx_HAL_Driver\Src\stm32l0xx_ll_i2c.o
LOAD Drivers\STM32L0xx_HAL_Driver\Src\stm32l0xx_ll_lptim.o
LOAD Drivers\STM32L0xx_HAL_Driver\Src\stm32l0xx_ll_lpuart.o
LOAD Drivers\STM32L0xx_HAL_Driver\Src\stm32l0xx_ll_pwr.o
LOAD Drivers\STM32L0xx_HAL_Driver\Src\stm32l0xx_ll_rcc.o
LOAD Drivers\STM32L0xx_HAL_Driver\Src\stm32l0xx_ll_rng.o
LOAD Drivers\STM32L0xx_HAL_Driver\Src\stm32l0xx_ll_rtc.o
LOAD Drivers\STM32L0xx_HAL_Driver\Src\stm32l0xx_ll_spi.o
LOAD Drivers\STM32L0xx_HAL_Driver\Src\stm32l0xx_ll_tim.o
LOAD Drivers\STM32L0xx_HAL_Driver\Src\stm32l0xx_ll_usart.o
LOAD Drivers\STM32L0xx_HAL_Driver\Src\stm32l0xx_ll_utils.o
LOAD LoRaWAN\App\src\bsp.o
LOAD LoRaWAN\App\src\debug.o
LOAD LoRaWAN\App\src\hw_gpio.o
LOAD LoRaWAN\App\src\hw_rtc.o
LOAD LoRaWAN\App\src\hw_spi.o
LOAD LoRaWAN\App\src\main.o
LOAD LoRaWAN\App\src\vcom.o
LOAD Middlewares\Third_Party\LoRaWAN\Core\lora-test.o
LOAD Middlewares\Third_Party\LoRaWAN\Core\lora.o
LOAD Middlewares\Third_Party\LoRaWAN\Crypto\aes.o
LOAD Middlewares\Third_Party\LoRaWAN\Crypto\cmac.o
LOAD Middlewares\Third_Party\LoRaWAN\Crypto\soft-se.o
LOAD Middlewares\Third_Party\LoRaWAN\Mac\LoRaMac.o
LOAD Middlewares\Third_Party\LoRaWAN\Mac\LoRaMacAdr.o
LOAD Middlewares\Third_Party\LoRaWAN\Mac\LoRaMacClassB.o
LOAD Middlewares\Third_Party\LoRaWAN\Mac\LoRaMacCommands.o
LOAD Middlewares\Third_Party\LoRaWAN\Mac\LoRaMacConfirmQueue.o
LOAD Middlewares\Third_Party\LoRaWAN\Mac\LoRaMacCrypto.o
LOAD Middlewares\Third_Party\LoRaWAN\Mac\LoRaMacFCntHandler.o
LOAD Middlewares\Third_Party\LoRaWAN\Mac\LoRaMacParser.o
LOAD Middlewares\Third_Party\LoRaWAN\Mac\LoRaMacSerializer.o
LOAD Middlewares\Third_Party\LoRaWAN\Mac\region\Region.o
LOAD Middlewares\Third_Party\LoRaWAN\Mac\region\RegionAS923.o
LOAD Middlewares\Third_Party\LoRaWAN\Mac\region\RegionAU915.o
LOAD Middlewares\Third_Party\LoRaWAN\Mac\region\RegionCN470.o
LOAD Middlewares\Third_Party\LoRaWAN\Mac\region\RegionCN779.o
LOAD Middlewares\Third_Party\LoRaWAN\Mac\region\RegionCommon.o
LOAD Middlewares\Third_Party\LoRaWAN\Mac\region\RegionEU433.o
LOAD Middlewares\Third_Party\LoRaWAN\Mac\region\RegionEU868.o
LOAD Middlewares\Third_Party\LoRaWAN\Mac\region\RegionIN865.o
LOAD Middlewares\Third_Party\LoRaWAN\Mac\region\RegionKR920.o
LOAD Middlewares\Third_Party\LoRaWAN\Mac\region\RegionRU864.o
LOAD Middlewares\Third_Party\LoRaWAN\Mac\region\RegionUS915.o
LOAD Middlewares\Third_Party\LoRaWAN\Utilities\low_power_manager.o
LOAD Middlewares\Third_Party\LoRaWAN\Utilities\queue.o
LOAD Middlewares\Third_Party\LoRaWAN\Utilities\systime.o
LOAD Middlewares\Third_Party\LoRaWAN\Utilities\timeServer.o
LOAD Middlewares\Third_Party\LoRaWAN\Utilities\trace.o
LOAD Middlewares\Third_Party\LoRaWAN\Utilities\utilities.o
LOAD startup\startup_stm32l072xx.o
                0x00000080                malloc_getpagesize_P = 0x80
START GROUP
LOAD c:/program files (x86)/atollic/truestudio for stm32 9.0.1/armtools/bin/../lib/gcc/arm-atollic-eabi/6.3.1/../../../../arm-atollic-eabi/lib/armv6-m\libc_nano.a
LOAD c:/program files (x86)/atollic/truestudio for stm32 9.0.1/armtools/bin/../lib/gcc/arm-atollic-eabi/6.3.1/../../../../arm-atollic-eabi/lib/armv6-m\libm.a
END GROUP
START GROUP
LOAD c:/program files (x86)/atollic/truestudio for stm32 9.0.1/armtools/bin/../lib/gcc/arm-atollic-eabi/6.3.1/armv6-m\libgcc.a
LOAD c:/program files (x86)/atollic/truestudio for stm32 9.0.1/armtools/bin/../lib/gcc/arm-atollic-eabi/6.3.1/../../../../arm-atollic-eabi/lib/armv6-m\libc_nano.a
END GROUP
START GROUP
LOAD c:/program files (x86)/atollic/truestudio for stm32 9.0.1/armtools/bin/../lib/gcc/arm-atollic-eabi/6.3.1/armv6-m\libgcc.a
LOAD c:/program files (x86)/atollic/truestudio for stm32 9.0.1/armtools/bin/../lib/gcc/arm-atollic-eabi/6.3.1/../../../../arm-atollic-eabi/lib/armv6-m\libc_nano.a
LOAD c:/program files (x86)/atollic/truestudio for stm32 9.0.1/armtools/bin/../lib/gcc/arm-atollic-eabi/6.3.1/../../../../arm-atollic-eabi/lib/armv6-m\libnosys.a
END GROUP
START GROUP
LOAD c:/program files (x86)/atollic/truestudio for stm32 9.0.1/armtools/bin/../lib/gcc/arm-atollic-eabi/6.3.1/armv6-m\libgcc.a
LOAD c:/program files (x86)/atollic/truestudio for stm32 9.0.1/armtools/bin/../lib/gcc/arm-atollic-eabi/6.3.1/../../../../arm-atollic-eabi/lib/armv6-m\libc_nano.a
LOAD c:/program files (x86)/atollic/truestudio for stm32 9.0.1/armtools/bin/../lib/gcc/arm-atollic-eabi/6.3.1/../../../../arm-atollic-eabi/lib/armv6-m\libnosys.a
END GROUP
LOAD c:/program files (x86)/atollic/truestudio for stm32 9.0.1/armtools/bin/../lib/gcc/arm-atollic-eabi/6.3.1/armv6-m/crtend.o
LOAD c:/program files (x86)/atollic/truestudio for stm32 9.0.1/armtools/bin/../lib/gcc/arm-atollic-eabi/6.3.1/armv6-m/crtn.o
                0x20005000                _estack = 0x20005000
                0x00000200                _Min_Heap_Size = 0x200
                0x00000400                _Min_Stack_Size = 0x400

.isr_vector     0x08000000       0xc0
                0x08000000                . = ALIGN (0x4)
 *(.isr_vector)
 .isr_vector    0x08000000       0xc0 startup\startup_stm32l072xx.o
                0x08000000                g_pfnVectors
                0x080000c0                . = ALIGN (0x4)

.text           0x080000c0     0xf068
                0x080000c0                . = ALIGN (0x4)
 *(.text)
 .text          0x080000c0       0x48 c:/program files (x86)/atollic/truestudio for stm32 9.0.1/armtools/bin/../lib/gcc/arm-atollic-eabi/6.3.1/armv6-m/crtbegin.o
 .text          0x08000108       0x14 c:/program files (x86)/atollic/truestudio for stm32 9.0.1/armtools/bin/../lib/gcc/arm-atollic-eabi/6.3.1/armv6-m\libgcc.a(_thumb1_case_uqi.o)
                0x08000108                __gnu_thumb1_case_uqi
 .text          0x0800011c       0x14 c:/program files (x86)/atollic/truestudio for stm32 9.0.1/armtools/bin/../lib/gcc/arm-atollic-eabi/6.3.1/armv6-m\libgcc.a(_thumb1_case_shi.o)
                0x0800011c                __gnu_thumb1_case_shi
 .text          0x08000130       0x14 c:/program files (x86)/atollic/truestudio for stm32 9.0.1/armtools/bin/../lib/gcc/arm-atollic-eabi/6.3.1/armv6-m\libgcc.a(_thumb1_case_uhi.o)
                0x08000130                __gnu_thumb1_case_uhi
 .text          0x08000144      0x114 c:/program files (x86)/atollic/truestudio for stm32 9.0.1/armtools/bin/../lib/gcc/arm-atollic-eabi/6.3.1/armv6-m\libgcc.a(_udivsi3.o)
                0x08000144                __aeabi_uidiv
                0x08000144                __udivsi3
                0x08000250                __aeabi_uidivmod
 .text          0x08000258      0x1d4 c:/program files (x86)/atollic/truestudio for stm32 9.0.1/armtools/bin/../lib/gcc/arm-atollic-eabi/6.3.1/armv6-m\libgcc.a(_divsi3.o)
                0x08000258                __divsi3
                0x08000258                __aeabi_idiv
                0x08000424                __aeabi_idivmod
 .text          0x0800042c        0x4 c:/program files (x86)/atollic/truestudio for stm32 9.0.1/armtools/bin/../lib/gcc/arm-atollic-eabi/6.3.1/armv6-m\libgcc.a(_dvmd_tls.o)
                0x0800042c                __aeabi_idiv0
                0x0800042c                __aeabi_ldiv0
 .text          0x08000430       0x7c c:/program files (x86)/atollic/truestudio for stm32 9.0.1/armtools/bin/../lib/gcc/arm-atollic-eabi/6.3.1/armv6-m\libgcc.a(_arm_cmpdf2.o)
                0x08000430                __aeabi_cdrcmple
                0x08000440                __aeabi_cdcmple
                0x08000440                __aeabi_cdcmpeq
                0x08000450                __aeabi_dcmpeq
                0x0800045c                __aeabi_dcmplt
                0x08000470                __aeabi_dcmple
                0x08000484                __aeabi_dcmpgt
                0x08000498                __aeabi_dcmpge
 .text          0x080004ac       0x74 c:/program files (x86)/atollic/truestudio for stm32 9.0.1/armtools/bin/../lib/gcc/arm-atollic-eabi/6.3.1/armv6-m\libgcc.a(_arm_cmpsf2.o)
                0x080004ac                __aeabi_cfrcmple
                0x080004b4                __aeabi_cfcmpeq
                0x080004b4                __aeabi_cfcmple
                0x080004c4                __aeabi_fcmpeq
                0x080004d0                __aeabi_fcmplt
                0x080004e4                __aeabi_fcmple
                0x080004f8                __aeabi_fcmpgt
                0x0800050c                __aeabi_fcmpge
 .text          0x08000520       0x40 c:/program files (x86)/atollic/truestudio for stm32 9.0.1/armtools/bin/../lib/gcc/arm-atollic-eabi/6.3.1/armv6-m\libgcc.a(_aeabi_uldivmod.o)
                0x08000520                __aeabi_uldivmod
 .text          0x08000560       0x30 c:/program files (x86)/atollic/truestudio for stm32 9.0.1/armtools/bin/../lib/gcc/arm-atollic-eabi/6.3.1/armv6-m\libgcc.a(_fixunssfsi.o)
                0x08000560                __fixunssfsi
                0x08000560                __aeabi_f2uiz
 .text          0x08000590       0x3c c:/program files (x86)/atollic/truestudio for stm32 9.0.1/armtools/bin/../lib/gcc/arm-atollic-eabi/6.3.1/armv6-m\libgcc.a(_fixunsdfsi.o)
                0x08000590                __aeabi_d2uiz
                0x08000590                __fixunsdfsi
 .text          0x080005cc      0x180 c:/program files (x86)/atollic/truestudio for stm32 9.0.1/armtools/bin/../lib/gcc/arm-atollic-eabi/6.3.1/armv6-m\libgcc.a(_udivmoddi4.o)
                0x080005cc                __udivmoddi4
 .text          0x0800074c      0x290 c:/program files (x86)/atollic/truestudio for stm32 9.0.1/armtools/bin/../lib/gcc/arm-atollic-eabi/6.3.1/armv6-m\libgcc.a(divsf3.o)
                0x0800074c                __aeabi_fdiv
 .text          0x080009dc       0x4c c:/program files (x86)/atollic/truestudio for stm32 9.0.1/armtools/bin/../lib/gcc/arm-atollic-eabi/6.3.1/armv6-m\libgcc.a(eqsf2.o)
                0x080009dc                __eqsf2
                0x080009dc                __nesf2
 .text          0x08000a28       0x80 c:/program files (x86)/atollic/truestudio for stm32 9.0.1/armtools/bin/../lib/gcc/arm-atollic-eabi/6.3.1/armv6-m\libgcc.a(gesf2.o)
                0x08000a28                __gesf2
                0x08000a28                __gtsf2
 .text          0x08000aa8       0x84 c:/program files (x86)/atollic/truestudio for stm32 9.0.1/armtools/bin/../lib/gcc/arm-atollic-eabi/6.3.1/armv6-m\libgcc.a(lesf2.o)
                0x08000aa8                __ltsf2
                0x08000aa8                __lesf2
 .text          0x08000b2c      0x240 c:/program files (x86)/atollic/truestudio for stm32 9.0.1/armtools/bin/../lib/gcc/arm-atollic-eabi/6.3.1/armv6-m\libgcc.a(mulsf3.o)
                0x08000b2c                __aeabi_fmul
 .text          0x08000d6c      0x338 c:/program files (x86)/atollic/truestudio for stm32 9.0.1/armtools/bin/../lib/gcc/arm-atollic-eabi/6.3.1/armv6-m\libgcc.a(subsf3.o)
                0x08000d6c                __aeabi_fsub
 .text          0x080010a4       0x40 c:/program files (x86)/atollic/truestudio for stm32 9.0.1/armtools/bin/../lib/gcc/arm-atollic-eabi/6.3.1/armv6-m\libgcc.a(fixsfsi.o)
                0x080010a4                __aeabi_f2iz
 .text          0x080010e4       0x8c c:/program files (x86)/atollic/truestudio for stm32 9.0.1/armtools/bin/../lib/gcc/arm-atollic-eabi/6.3.1/armv6-m\libgcc.a(floatunsisf.o)
                0x080010e4                __aeabi_ui2f
 .text          0x08001170      0x620 c:/program files (x86)/atollic/truestudio for stm32 9.0.1/armtools/bin/../lib/gcc/arm-atollic-eabi/6.3.1/armv6-m\libgcc.a(adddf3.o)
                0x08001170                __aeabi_dadd
 .text          0x08001790      0x668 c:/program files (x86)/atollic/truestudio for stm32 9.0.1/armtools/bin/../lib/gcc/arm-atollic-eabi/6.3.1/armv6-m\libgcc.a(divdf3.o)
                0x08001790                __aeabi_ddiv
 .text          0x08001df8       0x74 c:/program files (x86)/atollic/truestudio for stm32 9.0.1/armtools/bin/../lib/gcc/arm-atollic-eabi/6.3.1/armv6-m\libgcc.a(eqdf2.o)
                0x08001df8                __nedf2
                0x08001df8                __eqdf2
 .text          0x08001e6c       0xc8 c:/program files (x86)/atollic/truestudio for stm32 9.0.1/armtools/bin/../lib/gcc/arm-atollic-eabi/6.3.1/armv6-m\libgcc.a(gedf2.o)
                0x08001e6c                __gedf2
                0x08001e6c                __gtdf2
 .text          0x08001f34       0xc4 c:/program files (x86)/atollic/truestudio for stm32 9.0.1/armtools/bin/../lib/gcc/arm-atollic-eabi/6.3.1/armv6-m\libgcc.a(ledf2.o)
                0x08001f34                __ledf2
                0x08001f34                __ltdf2
 .text          0x08001ff8      0x500 c:/program files (x86)/atollic/truestudio for stm32 9.0.1/armtools/bin/../lib/gcc/arm-atollic-eabi/6.3.1/armv6-m\libgcc.a(muldf3.o)
                0x08001ff8                __aeabi_dmul
 .text          0x080024f8      0x62c c:/program files (x86)/atollic/truestudio for stm32 9.0.1/armtools/bin/../lib/gcc/arm-atollic-eabi/6.3.1/armv6-m\libgcc.a(subdf3.o)
                0x080024f8                __aeabi_dsub
 .text          0x08002b24       0x68 c:/program files (x86)/atollic/truestudio for stm32 9.0.1/armtools/bin/../lib/gcc/arm-atollic-eabi/6.3.1/armv6-m\libgcc.a(fixdfsi.o)
                0x08002b24                __aeabi_d2iz
 .text          0x08002b8c       0x84 c:/program files (x86)/atollic/truestudio for stm32 9.0.1/armtools/bin/../lib/gcc/arm-atollic-eabi/6.3.1/armv6-m\libgcc.a(floatsidf.o)
                0x08002b8c                __aeabi_i2d
 .text          0x08002c10       0x70 c:/program files (x86)/atollic/truestudio for stm32 9.0.1/armtools/bin/../lib/gcc/arm-atollic-eabi/6.3.1/armv6-m\libgcc.a(floatunsidf.o)
                0x08002c10                __aeabi_ui2d
 .text          0x08002c80       0xa4 c:/program files (x86)/atollic/truestudio for stm32 9.0.1/armtools/bin/../lib/gcc/arm-atollic-eabi/6.3.1/armv6-m\libgcc.a(extendsfdf2.o)
                0x08002c80                __aeabi_f2d
 .text          0x08002d24       0x3c c:/program files (x86)/atollic/truestudio for stm32 9.0.1/armtools/bin/../lib/gcc/arm-atollic-eabi/6.3.1/armv6-m\libgcc.a(_clzsi2.o)
                0x08002d24                __clzsi2
 .text          0x08002d60       0x18 c:/program files (x86)/atollic/truestudio for stm32 9.0.1/armtools/bin/../lib/gcc/arm-atollic-eabi/6.3.1/armv6-m\libgcc.a(_clzdi2.o)
                0x08002d60                __clzdi2
 *(.text*)
 .text.HAL_InitTick
                0x08002d78        0x4 Core\src\stm32l0xx_hal_msp.o
                0x08002d78                HAL_InitTick
 .text.HAL_Delay
                0x08002d7c        0xc Core\src\stm32l0xx_hal_msp.o
                0x08002d7c                HAL_Delay
 .text.HAL_MspInit
                0x08002d88       0x30 Core\src\stm32l0xx_hal_msp.o
                0x08002d88                HAL_MspInit
 .text.HAL_RTC_MspInit
                0x08002db8       0x5c Core\src\stm32l0xx_hal_msp.o
                0x08002db8                HAL_RTC_MspInit
 .text.HAL_RTC_AlarmAEventCallback
                0x08002e14        0x8 Core\src\stm32l0xx_hal_msp.o
                0x08002e14                HAL_RTC_AlarmAEventCallback
 .text.HAL_GPIO_EXTI_Callback
                0x08002e1c        0x8 Core\src\stm32l0xx_hal_msp.o
                0x08002e1c                HAL_GPIO_EXTI_Callback
 .text.MSP_GetIRQn
                0x08002e24       0x20 Core\src\stm32l0xx_hal_msp.o
                0x08002e24                MSP_GetIRQn
 .text.SystemClock_Config
                0x08002e44       0x94 Core\src\stm32l0xx_hw.o
                0x08002e44                SystemClock_Config
 .text.HW_GetRandomSeed
                0x08002ed8       0x20 Core\src\stm32l0xx_hw.o
                0x08002ed8                HW_GetRandomSeed
 .text.HW_GetUniqueId
                0x08002ef8       0x54 Core\src\stm32l0xx_hw.o
                0x08002ef8                HW_GetUniqueId
 .text.HW_AdcInit
                0x08002f4c       0x5c Core\src\stm32l0xx_hw.o
                0x08002f4c                HW_AdcInit
 .text.HW_Init  0x08002fa8       0x34 Core\src\stm32l0xx_hw.o
                0x08002fa8                HW_Init
 .text.HW_AdcReadChannel
                0x08002fdc       0x9c Core\src\stm32l0xx_hw.o
                0x08002fdc                HW_AdcReadChannel
 .text.HW_GetTemperatureLevel
                0x08003078       0x64 Core\src\stm32l0xx_hw.o
                0x08003078                HW_GetTemperatureLevel
 .text.HW_GetBatteryLevel
                0x080030dc       0x54 Core\src\stm32l0xx_hw.o
                0x080030dc                HW_GetBatteryLevel
 .text.LPM_EnterStopMode
                0x08003130       0x38 Core\src\stm32l0xx_hw.o
                0x08003130                LPM_EnterStopMode
 .text.LPM_ExitStopMode
                0x08003168       0x60 Core\src\stm32l0xx_hw.o
                0x08003168                LPM_ExitStopMode
 .text.LPM_EnterSleepMode
                0x080031c8        0xc Core\src\stm32l0xx_hw.o
                0x080031c8                LPM_EnterSleepMode
 .text.NMI_Handler
                0x080031d4        0x2 Core\src\stm32l0xx_it.o
                0x080031d4                NMI_Handler
 .text.HardFault_Handler
                0x080031d6        0x4 Core\src\stm32l0xx_it.o
                0x080031d6                HardFault_Handler
 .text.SVC_Handler
                0x080031da        0x2 Core\src\stm32l0xx_it.o
                0x080031da                SVC_Handler
 .text.PendSV_Handler
                0x080031dc        0x2 Core\src\stm32l0xx_it.o
                0x080031dc                PendSV_Handler
 .text.SysTick_Handler
                0x080031de        0x8 Core\src\stm32l0xx_it.o
                0x080031de                SysTick_Handler
 .text.USART2_IRQHandler
                0x080031e6        0x8 Core\src\stm32l0xx_it.o
                0x080031e6                USART2_IRQHandler
 .text.DMA1_Channel4_5_6_7_IRQHandler
                0x080031ee        0x8 Core\src\stm32l0xx_it.o
                0x080031ee                DMA1_Channel4_5_6_7_IRQHandler
 .text.RTC_IRQHandler
                0x080031f6        0x8 Core\src\stm32l0xx_it.o
                0x080031f6                RTC_IRQHandler
 .text.EXTI0_1_IRQHandler
                0x080031fe       0x10 Core\src\stm32l0xx_it.o
                0x080031fe                EXTI0_1_IRQHandler
 .text.EXTI2_3_IRQHandler
                0x0800320e       0x10 Core\src\stm32l0xx_it.o
                0x0800320e                EXTI2_3_IRQHandler
 .text.EXTI4_15_IRQHandler
                0x0800321e       0x5c Core\src\stm32l0xx_it.o
                0x0800321e                EXTI4_15_IRQHandler
 *fill*         0x0800327a        0x2 
 .text.SystemInit
                0x0800327c       0x5c Core\src\system_stm32l0xx.o
                0x0800327c                SystemInit
 .text.GetFskBandwidthRegValue
                0x080032d8       0x28 Drivers\BSP\Components\sx1272\sx1272.o
 .text.SX1272OnDio4Irq
                0x08003300       0x1c Drivers\BSP\Components\sx1272\sx1272.o
                0x08003300                SX1272OnDio4Irq
 .text.SX1272BoardInit
                0x0800331c        0xc Drivers\BSP\Components\sx1272\sx1272.o
                0x0800331c                SX1272BoardInit
 .text.SX1272GetStatus
                0x08003328        0xc Drivers\BSP\Components\sx1272\sx1272.o
                0x08003328                SX1272GetStatus
 .text.SX1272Reset
                0x08003334       0x4c Drivers\BSP\Components\sx1272\sx1272.o
                0x08003334                SX1272Reset
 .text.SX1272WriteBuffer
                0x08003380       0x3c Drivers\BSP\Components\sx1272\sx1272.o
                0x08003380                SX1272WriteBuffer
 .text.SX1272Write
                0x080033bc       0x12 Drivers\BSP\Components\sx1272\sx1272.o
                0x080033bc                SX1272Write
 *fill*         0x080033ce        0x2 
 .text.SX1272SetChannel
                0x080033d0       0x54 Drivers\BSP\Components\sx1272\sx1272.o
                0x080033d0                SX1272SetChannel
 .text.SX1272ReadBuffer
                0x08003424       0x3c Drivers\BSP\Components\sx1272\sx1272.o
                0x08003424                SX1272ReadBuffer
 .text.SX1272Read
                0x08003460       0x12 Drivers\BSP\Components\sx1272\sx1272.o
                0x08003460                SX1272Read
 *fill*         0x08003472        0x2 
 .text.SX1272GetTimeOnAir
                0x08003474      0x1f8 Drivers\BSP\Components\sx1272\sx1272.o
                0x08003474                SX1272GetTimeOnAir
 .text.SX1272ReadRssi
                0x0800366c       0x2a Drivers\BSP\Components\sx1272\sx1272.o
                0x0800366c                SX1272ReadRssi
 *fill*         0x08003696        0x2 
 .text.SX1272SetOpMode
                0x08003698       0x38 Drivers\BSP\Components\sx1272\sx1272.o
                0x08003698                SX1272SetOpMode
 .text.SX1272SetSleep
                0x080036d0       0x28 Drivers\BSP\Components\sx1272\sx1272.o
                0x080036d0                SX1272SetSleep
 .text.SX1272SetStby
                0x080036f8       0x28 Drivers\BSP\Components\sx1272\sx1272.o
                0x080036f8                SX1272SetStby
 .text.SX1272SetRx
                0x08003720      0x154 Drivers\BSP\Components\sx1272\sx1272.o
                0x08003720                SX1272SetRx
 .text.SX1272SetTx
                0x08003874       0xa0 Drivers\BSP\Components\sx1272\sx1272.o
                0x08003874                SX1272SetTx
 .text.SX1272StartCad
                0x08003914       0x34 Drivers\BSP\Components\sx1272\sx1272.o
                0x08003914                SX1272StartCad
 .text.SX1272SetModem
                0x08003948       0x74 Drivers\BSP\Components\sx1272\sx1272.o
                0x08003948                SX1272SetModem
 .text.SX1272Init
                0x080039bc       0x90 Drivers\BSP\Components\sx1272\sx1272.o
                0x080039bc                SX1272Init
 .text.SX1272IsChannelFree
                0x08003a4c       0x48 Drivers\BSP\Components\sx1272\sx1272.o
                0x08003a4c                SX1272IsChannelFree
 .text.SX1272Random
                0x08003a94       0x3c Drivers\BSP\Components\sx1272\sx1272.o
                0x08003a94                SX1272Random
 .text.SX1272SetRxConfig
                0x08003ad0      0x2f4 Drivers\BSP\Components\sx1272\sx1272.o
                0x08003ad0                SX1272SetRxConfig
 .text.SX1272SetTxConfig
                0x08003dc4      0x264 Drivers\BSP\Components\sx1272\sx1272.o
                0x08003dc4                SX1272SetTxConfig
 .text.SX1272SetTxContinuousWave
                0x08004028       0x80 Drivers\BSP\Components\sx1272\sx1272.o
                0x08004028                SX1272SetTxContinuousWave
 .text.SX1272OnDio2Irq
                0x080040a8       0xc0 Drivers\BSP\Components\sx1272\sx1272.o
                0x080040a8                SX1272OnDio2Irq
 .text.SX1272OnDio3Irq
                0x08004168       0x54 Drivers\BSP\Components\sx1272\sx1272.o
                0x08004168                SX1272OnDio3Irq
 .text.SX1272WriteFifo
                0x080041bc        0xe Drivers\BSP\Components\sx1272\sx1272.o
                0x080041bc                SX1272WriteFifo
 *fill*         0x080041ca        0x2 
 .text.SX1272Send
                0x080041cc       0xf8 Drivers\BSP\Components\sx1272\sx1272.o
                0x080041cc                SX1272Send
 .text.SX1272ReadFifo
                0x080042c4        0xe Drivers\BSP\Components\sx1272\sx1272.o
                0x080042c4                SX1272ReadFifo
 *fill*         0x080042d2        0x2 
 .text.SX1272OnDio0Irq
                0x080042d4      0x248 Drivers\BSP\Components\sx1272\sx1272.o
                0x080042d4                SX1272OnDio0Irq
 .text.SX1272OnDio1Irq
                0x0800451c       0xd8 Drivers\BSP\Components\sx1272\sx1272.o
                0x0800451c                SX1272OnDio1Irq
 .text.SX1272SetMaxPayloadLength
                0x080045f4       0x34 Drivers\BSP\Components\sx1272\sx1272.o
                0x080045f4                SX1272SetMaxPayloadLength
 .text.SX1272SetPublicNetwork
                0x08004628       0x24 Drivers\BSP\Components\sx1272\sx1272.o
                0x08004628                SX1272SetPublicNetwork
 .text.SX1272OnTimeoutIrq
                0x0800464c       0xc8 Drivers\BSP\Components\sx1272\sx1272.o
                0x0800464c                SX1272OnTimeoutIrq
 .text.SX1272GetWakeupTime
                0x08004714       0x14 Drivers\BSP\Components\sx1272\sx1272.o
                0x08004714                SX1272GetWakeupTime
 .text.SX1272GetWakeTime
                0x08004728        0x4 Drivers\BSP\SX1272MB2DAS\sx1272mb2das.o
                0x08004728                SX1272GetWakeTime
 .text.SX1272SetXO
                0x0800472c        0x2 Drivers\BSP\SX1272MB2DAS\sx1272mb2das.o
                0x0800472c                SX1272SetXO
 .text.SX1272SetAntSwLowPower
                0x0800472e        0x2 Drivers\BSP\SX1272MB2DAS\sx1272mb2das.o
                0x0800472e                SX1272SetAntSwLowPower
 .text.SX1272SetAntSw
                0x08004730       0x14 Drivers\BSP\SX1272MB2DAS\sx1272mb2das.o
                0x08004730                SX1272SetAntSw
 .text.SX1272CheckRfFrequency
                0x08004744        0x4 Drivers\BSP\SX1272MB2DAS\sx1272mb2das.o
                0x08004744                SX1272CheckRfFrequency
 .text.SX1272SetRfTxPower
                0x08004748       0x44 Drivers\BSP\SX1272MB2DAS\sx1272mb2das.o
                0x08004748                SX1272SetRfTxPower
 .text.SX1272IoInit
                0x0800478c       0x60 Drivers\BSP\SX1272MB2DAS\sx1272mb2das.o
                0x0800478c                SX1272IoInit
 .text.SX1272IoDeInit
                0x080047ec       0x50 Drivers\BSP\SX1272MB2DAS\sx1272mb2das.o
                0x080047ec                SX1272IoDeInit
 .text.SX1272IoIrqInit
                0x0800483c       0x40 Drivers\BSP\SX1272MB2DAS\sx1272mb2das.o
                0x0800483c                SX1272IoIrqInit
 .text.HAL_Init
                0x0800487c       0x20 Drivers\STM32L0xx_HAL_Driver\Src\stm32l0xx_hal.o
                0x0800487c                HAL_Init
 .text.HAL_IncTick
                0x0800489c       0x10 Drivers\STM32L0xx_HAL_Driver\Src\stm32l0xx_hal.o
                0x0800489c                HAL_IncTick
 .text.HAL_GetTick
                0x080048ac        0xc Drivers\STM32L0xx_HAL_Driver\Src\stm32l0xx_hal.o
                0x080048ac                HAL_GetTick
 .text.HAL_DBGMCU_DisableDBGSleepMode
                0x080048b8       0x10 Drivers\STM32L0xx_HAL_Driver\Src\stm32l0xx_hal.o
                0x080048b8                HAL_DBGMCU_DisableDBGSleepMode
 .text.HAL_DBGMCU_DisableDBGStopMode
                0x080048c8       0x10 Drivers\STM32L0xx_HAL_Driver\Src\stm32l0xx_hal.o
                0x080048c8                HAL_DBGMCU_DisableDBGStopMode
 .text.HAL_DBGMCU_DisableDBGStandbyMode
                0x080048d8       0x10 Drivers\STM32L0xx_HAL_Driver\Src\stm32l0xx_hal.o
                0x080048d8                HAL_DBGMCU_DisableDBGStandbyMode
 .text.ADC_DelayMicroSecond
                0x080048e8       0x2c Drivers\STM32L0xx_HAL_Driver\Src\stm32l0xx_hal_adc.o
 .text.ADC_Enable
                0x08004914       0x70 Drivers\STM32L0xx_HAL_Driver\Src\stm32l0xx_hal_adc.o
 .text.HAL_ADC_MspInit
                0x08004984        0x2 Drivers\STM32L0xx_HAL_Driver\Src\stm32l0xx_hal_adc.o
                0x08004984                HAL_ADC_MspInit
 *fill*         0x08004986        0x2 
 .text.HAL_ADC_Init
                0x08004988      0x1a8 Drivers\STM32L0xx_HAL_Driver\Src\stm32l0xx_hal_adc.o
                0x08004988                HAL_ADC_Init
 .text.HAL_ADC_Start
                0x08004b30       0x58 Drivers\STM32L0xx_HAL_Driver\Src\stm32l0xx_hal_adc.o
                0x08004b30                HAL_ADC_Start
 .text.HAL_ADC_PollForConversion
                0x08004b88       0xbc Drivers\STM32L0xx_HAL_Driver\Src\stm32l0xx_hal_adc.o
                0x08004b88                HAL_ADC_PollForConversion
 .text.HAL_ADC_GetValue
                0x08004c44        0x6 Drivers\STM32L0xx_HAL_Driver\Src\stm32l0xx_hal_adc.o
                0x08004c44                HAL_ADC_GetValue
 *fill*         0x08004c4a        0x2 
 .text.HAL_ADC_ConfigChannel
                0x08004c4c       0xa8 Drivers\STM32L0xx_HAL_Driver\Src\stm32l0xx_hal_adc.o
                0x08004c4c                HAL_ADC_ConfigChannel
 .text.HAL_ADCEx_Calibration_Start
                0x08004cf4       0xa0 Drivers\STM32L0xx_HAL_Driver\Src\stm32l0xx_hal_adc_ex.o
                0x08004cf4                HAL_ADCEx_Calibration_Start
 .text.HAL_NVIC_SetPriority
                0x08004d94       0x60 Drivers\STM32L0xx_HAL_Driver\Src\stm32l0xx_hal_cortex.o
                0x08004d94                HAL_NVIC_SetPriority
 .text.HAL_NVIC_EnableIRQ
                0x08004df4       0x18 Drivers\STM32L0xx_HAL_Driver\Src\stm32l0xx_hal_cortex.o
                0x08004df4                HAL_NVIC_EnableIRQ
 .text.HAL_DMA_Init
                0x08004e0c      0x12c Drivers\STM32L0xx_HAL_Driver\Src\stm32l0xx_hal_dma.o
                0x08004e0c                HAL_DMA_Init
 .text.HAL_DMA_Start_IT
                0x08004f38       0x56 Drivers\STM32L0xx_HAL_Driver\Src\stm32l0xx_hal_dma.o
                0x08004f38                HAL_DMA_Start_IT
 *fill*         0x08004f8e        0x2 
 .text.HAL_DMA_Abort_IT
                0x08004f90       0xa0 Drivers\STM32L0xx_HAL_Driver\Src\stm32l0xx_hal_dma.o
                0x08004f90                HAL_DMA_Abort_IT
 .text.HAL_DMA_IRQHandler
                0x08005030      0x190 Drivers\STM32L0xx_HAL_Driver\Src\stm32l0xx_hal_dma.o
                0x08005030                HAL_DMA_IRQHandler
 .text.HAL_GPIO_Init
                0x080051c0      0x178 Drivers\STM32L0xx_HAL_Driver\Src\stm32l0xx_hal_gpio.o
                0x080051c0                HAL_GPIO_Init
 .text.HAL_GPIO_WritePin
                0x08005338        0xc Drivers\STM32L0xx_HAL_Driver\Src\stm32l0xx_hal_gpio.o
                0x08005338                HAL_GPIO_WritePin
 .text.HAL_GPIO_EXTI_IRQHandler
                0x08005344       0x18 Drivers\STM32L0xx_HAL_Driver\Src\stm32l0xx_hal_gpio.o
                0x08005344                HAL_GPIO_EXTI_IRQHandler
 .text.HAL_PWR_DisablePVD
                0x0800535c       0x10 Drivers\STM32L0xx_HAL_Driver\Src\stm32l0xx_hal_pwr.o
                0x0800535c                HAL_PWR_DisablePVD
 .text.HAL_PWR_EnterSLEEPMode
                0x0800536c       0x30 Drivers\STM32L0xx_HAL_Driver\Src\stm32l0xx_hal_pwr.o
                0x0800536c                HAL_PWR_EnterSLEEPMode
 .text.HAL_PWR_EnterSTOPMode
                0x0800539c       0x38 Drivers\STM32L0xx_HAL_Driver\Src\stm32l0xx_hal_pwr.o
                0x0800539c                HAL_PWR_EnterSTOPMode
 .text.HAL_PWREx_EnableFastWakeUp
                0x080053d4       0x14 Drivers\STM32L0xx_HAL_Driver\Src\stm32l0xx_hal_pwr_ex.o
                0x080053d4                HAL_PWREx_EnableFastWakeUp
 .text.HAL_PWREx_EnableUltraLowPower
                0x080053e8       0x14 Drivers\STM32L0xx_HAL_Driver\Src\stm32l0xx_hal_pwr_ex.o
                0x080053e8                HAL_PWREx_EnableUltraLowPower
 .text.RCC_SetFlashLatencyFromMSIRange
                0x080053fc       0x74 Drivers\STM32L0xx_HAL_Driver\Src\stm32l0xx_hal_rcc.o
 .text.HAL_RCC_OscConfig
                0x08005470      0x4e8 Drivers\STM32L0xx_HAL_Driver\Src\stm32l0xx_hal_rcc.o
                0x08005470                HAL_RCC_OscConfig
 .text.HAL_RCC_GetSysClockFreq
                0x08005958       0x78 Drivers\STM32L0xx_HAL_Driver\Src\stm32l0xx_hal_rcc.o
                0x08005958                HAL_RCC_GetSysClockFreq
 .text.HAL_RCC_ClockConfig
                0x080059d0      0x170 Drivers\STM32L0xx_HAL_Driver\Src\stm32l0xx_hal_rcc.o
                0x080059d0                HAL_RCC_ClockConfig
 .text.HAL_RCC_GetPCLK1Freq
                0x08005b40       0x20 Drivers\STM32L0xx_HAL_Driver\Src\stm32l0xx_hal_rcc.o
                0x08005b40                HAL_RCC_GetPCLK1Freq
 .text.HAL_RCC_GetPCLK2Freq
                0x08005b60       0x20 Drivers\STM32L0xx_HAL_Driver\Src\stm32l0xx_hal_rcc.o
                0x08005b60                HAL_RCC_GetPCLK2Freq
 .text.HAL_RCCEx_PeriphCLKConfig
                0x08005b80      0x1b8 Drivers\STM32L0xx_HAL_Driver\Src\stm32l0xx_hal_rcc_ex.o
                0x08005b80                HAL_RCCEx_PeriphCLKConfig
 .text.HAL_RCCEx_GetPeriphCLKFreq
                0x08005d38      0x1ec Drivers\STM32L0xx_HAL_Driver\Src\stm32l0xx_hal_rcc_ex.o
                0x08005d38                HAL_RCCEx_GetPeriphCLKFreq
 .text.HAL_RTC_DeactivateAlarm
                0x08005f24       0xc0 Drivers\STM32L0xx_HAL_Driver\Src\stm32l0xx_hal_rtc.o
                0x08005f24                HAL_RTC_DeactivateAlarm
 .text.HAL_RTC_WaitForSynchro
                0x08005fe4       0x34 Drivers\STM32L0xx_HAL_Driver\Src\stm32l0xx_hal_rtc.o
                0x08005fe4                HAL_RTC_WaitForSynchro
 .text.RTC_EnterInitMode
                0x08006018       0x38 Drivers\STM32L0xx_HAL_Driver\Src\stm32l0xx_hal_rtc.o
                0x08006018                RTC_EnterInitMode
 .text.HAL_RTC_Init
                0x08006050       0x94 Drivers\STM32L0xx_HAL_Driver\Src\stm32l0xx_hal_rtc.o
                0x08006050                HAL_RTC_Init
 .text.RTC_ByteToBcd2
                0x080060e4       0x16 Drivers\STM32L0xx_HAL_Driver\Src\stm32l0xx_hal_rtc.o
                0x080060e4                RTC_ByteToBcd2
 *fill*         0x080060fa        0x2 
 .text.HAL_RTC_SetTime
                0x080060fc       0xfc Drivers\STM32L0xx_HAL_Driver\Src\stm32l0xx_hal_rtc.o
                0x080060fc                HAL_RTC_SetTime
 .text.HAL_RTC_SetDate
                0x080061f8       0xd8 Drivers\STM32L0xx_HAL_Driver\Src\stm32l0xx_hal_rtc.o
                0x080061f8                HAL_RTC_SetDate
 .text.HAL_RTC_SetAlarm_IT
                0x080062d0      0x194 Drivers\STM32L0xx_HAL_Driver\Src\stm32l0xx_hal_rtc.o
                0x080062d0                HAL_RTC_SetAlarm_IT
 .text.RTC_Bcd2ToByte
                0x08006464       0x10 Drivers\STM32L0xx_HAL_Driver\Src\stm32l0xx_hal_rtc.o
                0x08006464                RTC_Bcd2ToByte
 .text.HAL_RTC_GetTime
                0x08006474       0x54 Drivers\STM32L0xx_HAL_Driver\Src\stm32l0xx_hal_rtc.o
                0x08006474                HAL_RTC_GetTime
 .text.HAL_RTC_GetDate
                0x080064c8       0x44 Drivers\STM32L0xx_HAL_Driver\Src\stm32l0xx_hal_rtc.o
                0x080064c8                HAL_RTC_GetDate
 .text.HAL_RTCEx_BKUPWrite
                0x0800650c        0xc Drivers\STM32L0xx_HAL_Driver\Src\stm32l0xx_hal_rtc_ex.o
                0x0800650c                HAL_RTCEx_BKUPWrite
 .text.HAL_RTCEx_BKUPRead
                0x08006518        0xc Drivers\STM32L0xx_HAL_Driver\Src\stm32l0xx_hal_rtc_ex.o
                0x08006518                HAL_RTCEx_BKUPRead
 .text.HAL_RTCEx_EnableBypassShadow
                0x08006524       0x32 Drivers\STM32L0xx_HAL_Driver\Src\stm32l0xx_hal_rtc_ex.o
                0x08006524                HAL_RTCEx_EnableBypassShadow
 *fill*         0x08006556        0x2 
 .text.SPI_WaitOnFlagUntilTimeout
                0x08006558       0x94 Drivers\STM32L0xx_HAL_Driver\Src\stm32l0xx_hal_spi.o
 .text.HAL_SPI_MspInit
                0x080065ec        0x2 Drivers\STM32L0xx_HAL_Driver\Src\stm32l0xx_hal_spi.o
                0x080065ec                HAL_SPI_MspInit
 *fill*         0x080065ee        0x2 
 .text.HAL_SPI_Init
                0x080065f0       0x80 Drivers\STM32L0xx_HAL_Driver\Src\stm32l0xx_hal_spi.o
                0x080065f0                HAL_SPI_Init
 .text.HAL_SPI_TransmitReceive
                0x08006670      0x2f0 Drivers\STM32L0xx_HAL_Driver\Src\stm32l0xx_hal_spi.o
                0x08006670                HAL_SPI_TransmitReceive
 .text.UART_EndRxTransfer
                0x08006960       0x20 Drivers\STM32L0xx_HAL_Driver\Src\stm32l0xx_hal_uart.o
 .text.HAL_UART_Transmit_DMA
                0x08006980       0x8c Drivers\STM32L0xx_HAL_Driver\Src\stm32l0xx_hal_uart.o
                0x08006980                HAL_UART_Transmit_DMA
 .text.UART_DMATransmitCplt
                0x08006a0c       0x30 Drivers\STM32L0xx_HAL_Driver\Src\stm32l0xx_hal_uart.o
 .text.HAL_UART_TxHalfCpltCallback
                0x08006a3c        0x2 Drivers\STM32L0xx_HAL_Driver\Src\stm32l0xx_hal_uart.o
                0x08006a3c                HAL_UART_TxHalfCpltCallback
 .text.UART_DMATxHalfCplt
                0x08006a3e        0xa Drivers\STM32L0xx_HAL_Driver\Src\stm32l0xx_hal_uart.o
 .text.HAL_UART_RxCpltCallback
                0x08006a48        0x2 Drivers\STM32L0xx_HAL_Driver\Src\stm32l0xx_hal_uart.o
                0x08006a48                HAL_UART_RxCpltCallback
 *fill*         0x08006a4a        0x2 
 .text.UART_Receive_IT
                0x08006a4c       0x7c Drivers\STM32L0xx_HAL_Driver\Src\stm32l0xx_hal_uart.o
 .text.HAL_UART_ErrorCallback
                0x08006ac8        0x2 Drivers\STM32L0xx_HAL_Driver\Src\stm32l0xx_hal_uart.o
                0x08006ac8                HAL_UART_ErrorCallback
 .text.UART_DMAError
                0x08006aca       0x5a Drivers\STM32L0xx_HAL_Driver\Src\stm32l0xx_hal_uart.o
 .text.HAL_UART_IRQHandler
                0x08006b24      0x198 Drivers\STM32L0xx_HAL_Driver\Src\stm32l0xx_hal_uart.o
                0x08006b24                HAL_UART_IRQHandler
 .text.UART_DMAAbortOnError
                0x08006cbc       0x16 Drivers\STM32L0xx_HAL_Driver\Src\stm32l0xx_hal_uart.o
 *fill*         0x08006cd2        0x2 
 .text.UART_SetConfig
                0x08006cd4      0x260 Drivers\STM32L0xx_HAL_Driver\Src\stm32l0xx_hal_uart.o
                0x08006cd4                UART_SetConfig
 .text.UART_AdvFeatureConfig
                0x08006f34       0xd0 Drivers\STM32L0xx_HAL_Driver\Src\stm32l0xx_hal_uart.o
                0x08006f34                UART_AdvFeatureConfig
 .text.UART_WaitOnFlagUntilTimeout
                0x08007004       0x64 Drivers\STM32L0xx_HAL_Driver\Src\stm32l0xx_hal_uart.o
                0x08007004                UART_WaitOnFlagUntilTimeout
 .text.UART_CheckIdleState
                0x08007068       0x64 Drivers\STM32L0xx_HAL_Driver\Src\stm32l0xx_hal_uart.o
                0x08007068                UART_CheckIdleState
 .text.HAL_UART_Init
                0x080070cc       0x6c Drivers\STM32L0xx_HAL_Driver\Src\stm32l0xx_hal_uart.o
                0x080070cc                HAL_UART_Init
 .text.HAL_UARTEx_WakeupCallback
                0x08007138        0x2 Drivers\STM32L0xx_HAL_Driver\Src\stm32l0xx_hal_uart_ex.o
                0x08007138                HAL_UARTEx_WakeupCallback
 *fill*         0x0800713a        0x2 
 .text.BSP_sensor_Read
                0x0800713c       0x1c LoRaWAN\App\src\bsp.o
                0x0800713c                BSP_sensor_Read
 .text.BSP_sensor_Init
                0x08007158        0x2 LoRaWAN\App\src\bsp.o
                0x08007158                BSP_sensor_Init
 *fill*         0x0800715a        0x2 
 .text.DBG_Init
                0x0800715c       0x64 LoRaWAN\App\src\debug.o
                0x0800715c                DBG_Init
 .text.Error_Handler
                0x080071c0       0x10 LoRaWAN\App\src\debug.o
                0x080071c0                Error_Handler
 .text.HW_GPIO_GetBitPos
                0x080071d0       0x3c LoRaWAN\App\src\hw_gpio.o
 .text.HW_GPIO_Init
                0x0800720c       0x98 LoRaWAN\App\src\hw_gpio.o
                0x0800720c                HW_GPIO_Init
 .text.HW_GPIO_SetIrq
                0x080072a4       0x34 LoRaWAN\App\src\hw_gpio.o
                0x080072a4                HW_GPIO_SetIrq
 .text.HW_GPIO_IrqHandler
                0x080072d8       0x1c LoRaWAN\App\src\hw_gpio.o
                0x080072d8                HW_GPIO_IrqHandler
 .text.HW_GPIO_Write
                0x080072f4        0xa LoRaWAN\App\src\hw_gpio.o
                0x080072f4                HW_GPIO_Write
 *fill*         0x080072fe        0x2 
 .text.HW_RTC_GetCalendarValue
                0x08007300       0xa8 LoRaWAN\App\src\hw_rtc.o
 .text.HW_RTC_GetMinimumTimeout
                0x080073a8        0x4 LoRaWAN\App\src\hw_rtc.o
                0x080073a8                HW_RTC_GetMinimumTimeout
 .text.HW_RTC_ms2Tick
                0x080073ac       0x10 LoRaWAN\App\src\hw_rtc.o
                0x080073ac                HW_RTC_ms2Tick
 .text.HW_RTC_Tick2ms
                0x080073bc       0x14 LoRaWAN\App\src\hw_rtc.o
                0x080073bc                HW_RTC_Tick2ms
 .text.HW_RTC_GetTimerElapsedTime
                0x080073d0       0x18 LoRaWAN\App\src\hw_rtc.o
                0x080073d0                HW_RTC_GetTimerElapsedTime
 .text.HW_RTC_GetTimerValue
                0x080073e8        0xe LoRaWAN\App\src\hw_rtc.o
                0x080073e8                HW_RTC_GetTimerValue
 *fill*         0x080073f6        0x2 
 .text.HW_RTC_StopAlarm
                0x080073f8       0x30 LoRaWAN\App\src\hw_rtc.o
                0x080073f8                HW_RTC_StopAlarm
 .text.HW_RTC_SetAlarm
                0x08007428      0x150 LoRaWAN\App\src\hw_rtc.o
                0x08007428                HW_RTC_SetAlarm
 .text.HW_RTC_IrqHandler
                0x08007578       0x40 LoRaWAN\App\src\hw_rtc.o
                0x08007578                HW_RTC_IrqHandler
 .text.HW_RTC_DelayMs
                0x080075b8       0x26 LoRaWAN\App\src\hw_rtc.o
                0x080075b8                HW_RTC_DelayMs
 *fill*         0x080075de        0x2 
 .text.HW_RTC_SetTimerContext
                0x080075e0       0x18 LoRaWAN\App\src\hw_rtc.o
                0x080075e0                HW_RTC_SetTimerContext
 .text.HW_RTC_Init
                0x080075f8       0x80 LoRaWAN\App\src\hw_rtc.o
                0x080075f8                HW_RTC_Init
 .text.HW_RTC_GetTimerContext
                0x08007678        0xc LoRaWAN\App\src\hw_rtc.o
                0x08007678                HW_RTC_GetTimerContext
 .text.HW_RTC_GetCalendarTime
                0x08007684       0x20 LoRaWAN\App\src\hw_rtc.o
                0x08007684                HW_RTC_GetCalendarTime
 .text.HW_RTC_BKUPWrite
                0x080076a4       0x20 LoRaWAN\App\src\hw_rtc.o
                0x080076a4                HW_RTC_BKUPWrite
 .text.HW_RTC_BKUPRead
                0x080076c4       0x24 LoRaWAN\App\src\hw_rtc.o
                0x080076c4                HW_RTC_BKUPRead
 .text.HW_SPI_IoInit
                0x080076e8       0x60 LoRaWAN\App\src\hw_spi.o
                0x080076e8                HW_SPI_IoInit
 .text.HW_SPI_Init
                0x08007748       0x80 LoRaWAN\App\src\hw_spi.o
                0x08007748                HW_SPI_Init
 .text.HW_SPI_IoDeInit
                0x080077c8       0x7c LoRaWAN\App\src\hw_spi.o
                0x080077c8                HW_SPI_IoDeInit
 .text.HW_SPI_InOut
                0x08007844       0x28 LoRaWAN\App\src\hw_spi.o
                0x08007844                HW_SPI_InOut
 .text.LoraMacProcessNotify
                0x0800786c        0xc LoRaWAN\App\src\main.o
 .text.LORA_TxNeeded
                0x08007878       0x18 LoRaWAN\App\src\main.o
 .text.LORA_ConfirmClass
                0x08007890       0x28 LoRaWAN\App\src\main.o
 .text.LORA_HasJoined
                0x080078b8       0x14 LoRaWAN\App\src\main.o
 .text.LORA_RxData
                0x080078cc       0x7c LoRaWAN\App\src\main.o
 .text.OnTxTimerEvent
                0x08007948       0x18 LoRaWAN\App\src\main.o
 .text.Send     0x08007960       0xbc LoRaWAN\App\src\main.o
 .text.startup.main
                0x08007a1c       0xa0 LoRaWAN\App\src\main.o
                0x08007a1c                main
 .text.vcom_Init
                0x08007abc       0x3c LoRaWAN\App\src\vcom.o
                0x08007abc                vcom_Init
 .text.vcom_Trace
                0x08007af8       0x14 LoRaWAN\App\src\vcom.o
                0x08007af8                vcom_Trace
 .text.HAL_UART_TxCpltCallback
                0x08007b0c       0x10 LoRaWAN\App\src\vcom.o
                0x08007b0c                HAL_UART_TxCpltCallback
 .text.vcom_DMA_TX_IRQHandler
                0x08007b1c       0x10 LoRaWAN\App\src\vcom.o
                0x08007b1c                vcom_DMA_TX_IRQHandler
 .text.vcom_IRQHandler
                0x08007b2c       0x10 LoRaWAN\App\src\vcom.o
                0x08007b2c                vcom_IRQHandler
 .text.vcom_IoInit
                0x08007b3c       0x60 LoRaWAN\App\src\vcom.o
                0x08007b3c                vcom_IoInit
 .text.HAL_UART_MspInit
                0x08007b9c       0x9c LoRaWAN\App\src\vcom.o
                0x08007b9c                HAL_UART_MspInit
 .text.vcom_IoDeInit
                0x08007c38       0x48 LoRaWAN\App\src\vcom.o
                0x08007c38                vcom_IoDeInit
 .text.certif_tx
                0x08007c80       0xb0 Middlewares\Third_Party\LoRaWAN\Core\lora-test.o
 .text.OnCertifTxNextPacketTimerEvent
                0x08007d30        0x8 Middlewares\Third_Party\LoRaWAN\Core\lora-test.o
 .text.certif_running
                0x08007d38        0xc Middlewares\Third_Party\LoRaWAN\Core\lora-test.o
                0x08007d38                certif_running
 .text.certif_DownLinkIncrement
                0x08007d44       0x10 Middlewares\Third_Party\LoRaWAN\Core\lora-test.o
                0x08007d44                certif_DownLinkIncrement
 .text.certif_linkCheck
                0x08007d54       0x20 Middlewares\Third_Party\LoRaWAN\Core\lora-test.o
                0x08007d54                certif_linkCheck
 .text.certif_rx
                0x08007d74      0x19c Middlewares\Third_Party\LoRaWAN\Core\lora-test.o
                0x08007d74                certif_rx
 .text.MlmeIndication
                0x08007f10       0x18 Middlewares\Third_Party\LoRaWAN\Core\lora.o
 .text.McpsIndication
                0x08007f28       0x5c Middlewares\Third_Party\LoRaWAN\Core\lora.o
 .text.McpsConfirm
                0x08007f84       0x1e Middlewares\Third_Party\LoRaWAN\Core\lora.o
 *fill*         0x08007fa2        0x2 
 .text.LORA_Init
                0x08007fa4      0x17c Middlewares\Third_Party\LoRaWAN\Core\lora.o
                0x08007fa4                LORA_Init
 .text.LORA_Join
                0x08008120       0x38 Middlewares\Third_Party\LoRaWAN\Core\lora.o
                0x08008120                LORA_Join
 .text.MlmeConfirm
                0x08008158       0x40 Middlewares\Third_Party\LoRaWAN\Core\lora.o
 .text.LORA_JoinStatus
                0x08008198       0x1c Middlewares\Third_Party\LoRaWAN\Core\lora.o
                0x08008198                LORA_JoinStatus
 .text.LORA_send
                0x080081b4       0x68 Middlewares\Third_Party\LoRaWAN\Core\lora.o
                0x080081b4                LORA_send
 .text.LORA_RequestClass
                0x0800821c       0x7c Middlewares\Third_Party\LoRaWAN\Core\lora.o
                0x0800821c                LORA_RequestClass
 .text.xor_block
                0x08008298       0x82 Middlewares\Third_Party\LoRaWAN\Crypto\aes.o
 .text.copy_and_key
                0x0800831a       0x84 Middlewares\Third_Party\LoRaWAN\Crypto\aes.o
 *fill*         0x0800839e        0x2 
 .text.aes_set_key
                0x080083a0      0x10c Middlewares\Third_Party\LoRaWAN\Crypto\aes.o
                0x080083a0                aes_set_key
 .text.aes_encrypt
                0x080084ac      0x284 Middlewares\Third_Party\LoRaWAN\Crypto\aes.o
                0x080084ac                aes_encrypt
 .text.AES_CMAC_Init
                0x08008730       0x20 Middlewares\Third_Party\LoRaWAN\Crypto\cmac.o
                0x08008730                AES_CMAC_Init
 .text.AES_CMAC_SetKey
                0x08008750        0xe Middlewares\Third_Party\LoRaWAN\Crypto\cmac.o
                0x08008750                AES_CMAC_SetKey
 .text.AES_CMAC_Update
                0x0800875e       0xba Middlewares\Third_Party\LoRaWAN\Crypto\cmac.o
                0x0800875e                AES_CMAC_Update
 .text.AES_CMAC_Final
                0x08008818      0x156 Middlewares\Third_Party\LoRaWAN\Crypto\cmac.o
                0x08008818                AES_CMAC_Final
 .text.DummyCB  0x0800896e        0x2 Middlewares\Third_Party\LoRaWAN\Crypto\soft-se.o
 .text.GetKeyByID
                0x08008970       0x30 Middlewares\Third_Party\LoRaWAN\Crypto\soft-se.o
                0x08008970                GetKeyByID
 .text.ComputeCmac
                0x080089a0       0x58 Middlewares\Third_Party\LoRaWAN\Crypto\soft-se.o
                0x080089a0                ComputeCmac
 .text.SecureElementInit
                0x080089f8       0xe8 Middlewares\Third_Party\LoRaWAN\Crypto\soft-se.o
                0x080089f8                SecureElementInit
 .text.SecureElementRestoreNvmCtx
                0x08008ae0       0x1c Middlewares\Third_Party\LoRaWAN\Crypto\soft-se.o
                0x08008ae0                SecureElementRestoreNvmCtx
 .text.SecureElementGetNvmCtx
                0x08008afc       0x10 Middlewares\Third_Party\LoRaWAN\Crypto\soft-se.o
                0x08008afc                SecureElementGetNvmCtx
 .text.SecureElementComputeAesCmac
                0x08008b0c       0x12 Middlewares\Third_Party\LoRaWAN\Crypto\soft-se.o
                0x08008b0c                SecureElementComputeAesCmac
 .text.SecureElementVerifyAesCmac
                0x08008b1e       0x28 Middlewares\Third_Party\LoRaWAN\Crypto\soft-se.o
                0x08008b1e                SecureElementVerifyAesCmac
 *fill*         0x08008b46        0x2 
 .text.SecureElementAesEncrypt
                0x08008b48       0x6c Middlewares\Third_Party\LoRaWAN\Crypto\soft-se.o
                0x08008b48                SecureElementAesEncrypt
 .text.SecureElementSetKey
                0x08008bb4       0x78 Middlewares\Third_Party\LoRaWAN\Crypto\soft-se.o
                0x08008bb4                SecureElementSetKey
 .text.SecureElementDeriveAndStoreKey
                0x08008c2c       0x60 Middlewares\Third_Party\LoRaWAN\Crypto\soft-se.o
                0x08008c2c                SecureElementDeriveAndStoreKey
 .text.OnRadioRxError
                0x08008c8c       0x2c Middlewares\Third_Party\LoRaWAN\Mac\LoRaMac.o
 .text.LoRaMacIsBusy
                0x08008cb8       0x24 Middlewares\Third_Party\LoRaWAN\Mac\LoRaMac.o
 .text.CallNvmCtxCallback
                0x08008cdc       0x1c Middlewares\Third_Party\LoRaWAN\Mac\LoRaMac.o
 .text.EventCryptoNvmCtxChanged
                0x08008cf8        0xa Middlewares\Third_Party\LoRaWAN\Mac\LoRaMac.o
 .text.EventSecureElementNvmCtxChanged
                0x08008d02        0xa Middlewares\Third_Party\LoRaWAN\Mac\LoRaMac.o
 .text.EventCommandsNvmCtxChanged
                0x08008d0c        0xa Middlewares\Third_Party\LoRaWAN\Mac\LoRaMac.o
 .text.EventClassBNvmCtxChanged
                0x08008d16        0xa Middlewares\Third_Party\LoRaWAN\Mac\LoRaMac.o
 .text.EventConfirmQueueNvmCtxChanged
                0x08008d20        0xa Middlewares\Third_Party\LoRaWAN\Mac\LoRaMac.o
 .text.EventFCntHandlerNvmCtxChanged
                0x08008d2a        0xa Middlewares\Third_Party\LoRaWAN\Mac\LoRaMac.o
 .text.GetMaxAppPayloadWithoutFOptsLength
                0x08008d34       0x34 Middlewares\Third_Party\LoRaWAN\Mac\LoRaMac.o
 .text.OnAckTimeoutTimerEvent
                0x08008d68       0x58 Middlewares\Third_Party\LoRaWAN\Mac\LoRaMac.o
 .text.PrepareRxDoneAbort
                0x08008dc0       0x3c Middlewares\Third_Party\LoRaWAN\Mac\LoRaMac.o
 .text.ResetMacParameters
                0x08008dfc       0xa8 Middlewares\Third_Party\LoRaWAN\Mac\LoRaMac.o
 .text.OnRadioRxTimeout
                0x08008ea4       0x4c Middlewares\Third_Party\LoRaWAN\Mac\LoRaMac.o
 .text.OnRadioTxTimeout
                0x08008ef0       0x4c Middlewares\Third_Party\LoRaWAN\Mac\LoRaMac.o
 .text.OnRadioRxDone
                0x08008f3c       0x68 Middlewares\Third_Party\LoRaWAN\Mac\LoRaMac.o
 .text.OnRadioTxDone
                0x08008fa4       0x70 Middlewares\Third_Party\LoRaWAN\Mac\LoRaMac.o
 .text.OnRxWindow1TimerEvent
                0x08009014       0xa4 Middlewares\Third_Party\LoRaWAN\Mac\LoRaMac.o
 .text.StopRetransmission
                0x080090b8       0x70 Middlewares\Third_Party\LoRaWAN\Mac\LoRaMac.o
 .text.OnRxWindow2TimerEvent
                0x08009128       0xa8 Middlewares\Third_Party\LoRaWAN\Mac\LoRaMac.o
 .text.OpenContinuousRx2Window
                0x080091d0       0x1c Middlewares\Third_Party\LoRaWAN\Mac\LoRaMac.o
 .text.HandleRadioRxErrorTimeout
                0x080091ec      0x114 Middlewares\Third_Party\LoRaWAN\Mac\LoRaMac.o
 .text.unlikely.ProcessMacCommands.isra.2.constprop.7
                0x08009300      0x538 Middlewares\Third_Party\LoRaWAN\Mac\LoRaMac.o
 .text.PrepareFrame
                0x08009838      0x19c Middlewares\Third_Party\LoRaWAN\Mac\LoRaMac.o
                0x08009838                PrepareFrame
 .text.SendFrameOnChannel
                0x080099d4      0x104 Middlewares\Third_Party\LoRaWAN\Mac\LoRaMac.o
                0x080099d4                SendFrameOnChannel
 .text.ScheduleTx
                0x08009ad8      0x254 Middlewares\Third_Party\LoRaWAN\Mac\LoRaMac.o
 .text.OnTxDelayedTimerEvent
                0x08009d2c       0x64 Middlewares\Third_Party\LoRaWAN\Mac\LoRaMac.o
 .text.Send     0x08009d90      0x13c Middlewares\Third_Party\LoRaWAN\Mac\LoRaMac.o
                0x08009d90                Send
 .text.SendReJoinReq
                0x08009ecc       0x4c Middlewares\Third_Party\LoRaWAN\Mac\LoRaMac.o
                0x08009ecc                SendReJoinReq
 .text.SetTxContinuousWave
                0x08009f18       0x58 Middlewares\Third_Party\LoRaWAN\Mac\LoRaMac.o
                0x08009f18                SetTxContinuousWave
 .text.SetTxContinuousWave1
                0x08009f70       0x2c Middlewares\Third_Party\LoRaWAN\Mac\LoRaMac.o
                0x08009f70                SetTxContinuousWave1
 .text.GetCtxs  0x08009f9c       0x80 Middlewares\Third_Party\LoRaWAN\Mac\LoRaMac.o
                0x08009f9c                GetCtxs
 .text.RestoreCtxs
                0x0800a01c       0x98 Middlewares\Third_Party\LoRaWAN\Mac\LoRaMac.o
                0x0800a01c                RestoreCtxs
 .text.DetermineFrameType
                0x0800a0b4       0x52 Middlewares\Third_Party\LoRaWAN\Mac\LoRaMac.o
                0x0800a0b4                DetermineFrameType
 *fill*         0x0800a106        0x2 
 .text.LoRaMacProcess
                0x0800a108      0xa14 Middlewares\Third_Party\LoRaWAN\Mac\LoRaMac.o
                0x0800a108                LoRaMacProcess
 .text.LoRaMacInitialization
                0x0800ab1c      0x400 Middlewares\Third_Party\LoRaWAN\Mac\LoRaMac.o
                0x0800ab1c                LoRaMacInitialization
 .text.LoRaMacStart
                0x0800af1c       0x10 Middlewares\Third_Party\LoRaWAN\Mac\LoRaMac.o
                0x0800af1c                LoRaMacStart
 .text.LoRaMacQueryTxPossible
                0x0800af2c       0xc4 Middlewares\Third_Party\LoRaWAN\Mac\LoRaMac.o
                0x0800af2c                LoRaMacQueryTxPossible
 .text.LoRaMacMibGetRequestConfirm
                0x0800aff0      0x1ac Middlewares\Third_Party\LoRaWAN\Mac\LoRaMac.o
                0x0800aff0                LoRaMacMibGetRequestConfirm
 .text.LoRaMacMibSetRequestConfirm
                0x0800b19c      0x484 Middlewares\Third_Party\LoRaWAN\Mac\LoRaMac.o
                0x0800b19c                LoRaMacMibSetRequestConfirm
 .text.LoRaMacMlmeRequest
                0x0800b620      0x198 Middlewares\Third_Party\LoRaWAN\Mac\LoRaMac.o
                0x0800b620                LoRaMacMlmeRequest
 .text.LoRaMacMcpsRequest
                0x0800b7b8      0x178 Middlewares\Third_Party\LoRaWAN\Mac\LoRaMac.o
                0x0800b7b8                LoRaMacMcpsRequest
 .text.LoRaMacTestSetDutyCycleOn
                0x0800b930       0x28 Middlewares\Third_Party\LoRaWAN\Mac\LoRaMac.o
                0x0800b930                LoRaMacTestSetDutyCycleOn
 .text.LoRaMacAdrCalcNext
                0x0800b958       0xcc Middlewares\Third_Party\LoRaWAN\Mac\LoRaMacAdr.o
                0x0800b958                LoRaMacAdrCalcNext
 .text.LoRaMacClassBInit
                0x0800ba24        0x2 Middlewares\Third_Party\LoRaWAN\Mac\LoRaMacClassB.o
                0x0800ba24                LoRaMacClassBInit
 .text.LoRaMacClassBRestoreNvmCtx
                0x0800ba26        0x4 Middlewares\Third_Party\LoRaWAN\Mac\LoRaMacClassB.o
                0x0800ba26                LoRaMacClassBRestoreNvmCtx
 .text.LoRaMacClassBGetNvmCtx
                0x0800ba2a        0x8 Middlewares\Third_Party\LoRaWAN\Mac\LoRaMacClassB.o
                0x0800ba2a                LoRaMacClassBGetNvmCtx
 .text.LoRaMacClassBSetBeaconState
                0x0800ba32        0x2 Middlewares\Third_Party\LoRaWAN\Mac\LoRaMacClassB.o
                0x0800ba32                LoRaMacClassBSetBeaconState
 .text.LoRaMacClassBSetPingSlotState
                0x0800ba34        0x2 Middlewares\Third_Party\LoRaWAN\Mac\LoRaMacClassB.o
                0x0800ba34                LoRaMacClassBSetPingSlotState
 .text.LoRaMacClassBSetMulticastSlotState
                0x0800ba36        0x2 Middlewares\Third_Party\LoRaWAN\Mac\LoRaMacClassB.o
                0x0800ba36                LoRaMacClassBSetMulticastSlotState
 .text.LoRaMacClassBIsAcquisitionInProgress
                0x0800ba38        0x4 Middlewares\Third_Party\LoRaWAN\Mac\LoRaMacClassB.o
                0x0800ba38                LoRaMacClassBIsAcquisitionInProgress
 .text.LoRaMacClassBBeaconTimerEvent
                0x0800ba3c        0x2 Middlewares\Third_Party\LoRaWAN\Mac\LoRaMacClassB.o
                0x0800ba3c                LoRaMacClassBBeaconTimerEvent
 .text.LoRaMacClassBPingSlotTimerEvent
                0x0800ba3e        0x2 Middlewares\Third_Party\LoRaWAN\Mac\LoRaMacClassB.o
                0x0800ba3e                LoRaMacClassBPingSlotTimerEvent
 .text.LoRaMacClassBMulticastSlotTimerEvent
                0x0800ba40        0x2 Middlewares\Third_Party\LoRaWAN\Mac\LoRaMacClassB.o
                0x0800ba40                LoRaMacClassBMulticastSlotTimerEvent
 .text.LoRaMacClassBRxBeacon
                0x0800ba42        0x4 Middlewares\Third_Party\LoRaWAN\Mac\LoRaMacClassB.o
                0x0800ba42                LoRaMacClassBRxBeacon
 .text.LoRaMacClassBIsBeaconExpected
                0x0800ba46        0x4 Middlewares\Third_Party\LoRaWAN\Mac\LoRaMacClassB.o
                0x0800ba46                LoRaMacClassBIsBeaconExpected
 .text.LoRaMacClassBIsPingExpected
                0x0800ba4a        0x4 Middlewares\Third_Party\LoRaWAN\Mac\LoRaMacClassB.o
                0x0800ba4a                LoRaMacClassBIsPingExpected
 .text.LoRaMacClassBIsMulticastExpected
                0x0800ba4e        0x4 Middlewares\Third_Party\LoRaWAN\Mac\LoRaMacClassB.o
                0x0800ba4e                LoRaMacClassBIsMulticastExpected
 .text.LoRaMacClassBIsBeaconModeActive
                0x0800ba52        0x4 Middlewares\Third_Party\LoRaWAN\Mac\LoRaMacClassB.o
                0x0800ba52                LoRaMacClassBIsBeaconModeActive
 .text.LoRaMacClassBSetPingSlotInfo
                0x0800ba56        0x2 Middlewares\Third_Party\LoRaWAN\Mac\LoRaMacClassB.o
                0x0800ba56                LoRaMacClassBSetPingSlotInfo
 .text.LoRaMacClassBHaltBeaconing
                0x0800ba58        0x2 Middlewares\Third_Party\LoRaWAN\Mac\LoRaMacClassB.o
                0x0800ba58                LoRaMacClassBHaltBeaconing
 .text.LoRaMacClassBResumeBeaconing
                0x0800ba5a        0x2 Middlewares\Third_Party\LoRaWAN\Mac\LoRaMacClassB.o
                0x0800ba5a                LoRaMacClassBResumeBeaconing
 .text.LoRaMacClassBSwitchClass
                0x0800ba5c        0x4 Middlewares\Third_Party\LoRaWAN\Mac\LoRaMacClassB.o
                0x0800ba5c                LoRaMacClassBSwitchClass
 .text.LoRaMacClassBMibGetRequestConfirm
                0x0800ba60        0x4 Middlewares\Third_Party\LoRaWAN\Mac\LoRaMacClassB.o
                0x0800ba60                LoRaMacClassBMibGetRequestConfirm
 .text.LoRaMacMibClassBSetRequestConfirm
                0x0800ba64        0x4 Middlewares\Third_Party\LoRaWAN\Mac\LoRaMacClassB.o
                0x0800ba64                LoRaMacMibClassBSetRequestConfirm
 .text.LoRaMacClassBPingSlotInfoAns
                0x0800ba68        0x2 Middlewares\Third_Party\LoRaWAN\Mac\LoRaMacClassB.o
                0x0800ba68                LoRaMacClassBPingSlotInfoAns
 .text.LoRaMacClassBPingSlotChannelReq
                0x0800ba6a        0x4 Middlewares\Third_Party\LoRaWAN\Mac\LoRaMacClassB.o
                0x0800ba6a                LoRaMacClassBPingSlotChannelReq
 .text.LoRaMacClassBBeaconTimingAns
                0x0800ba6e        0x2 Middlewares\Third_Party\LoRaWAN\Mac\LoRaMacClassB.o
                0x0800ba6e                LoRaMacClassBBeaconTimingAns
 .text.LoRaMacClassBDeviceTimeAns
                0x0800ba70        0x2 Middlewares\Third_Party\LoRaWAN\Mac\LoRaMacClassB.o
                0x0800ba70                LoRaMacClassBDeviceTimeAns
 .text.LoRaMacClassBBeaconFreqReq
                0x0800ba72        0x4 Middlewares\Third_Party\LoRaWAN\Mac\LoRaMacClassB.o
                0x0800ba72                LoRaMacClassBBeaconFreqReq
 .text.LoRaMacClassBIsUplinkCollision
                0x0800ba76        0x4 Middlewares\Third_Party\LoRaWAN\Mac\LoRaMacClassB.o
                0x0800ba76                LoRaMacClassBIsUplinkCollision
 .text.LoRaMacClassBStopRxSlots
                0x0800ba7a        0x2 Middlewares\Third_Party\LoRaWAN\Mac\LoRaMacClassB.o
                0x0800ba7a                LoRaMacClassBStopRxSlots
 .text.LoRaMacClassBProcess
                0x0800ba7c        0x2 Middlewares\Third_Party\LoRaWAN\Mac\LoRaMacClassB.o
                0x0800ba7c                LoRaMacClassBProcess
 *fill*         0x0800ba7e        0x2 
 .text.NvmCtxCallback
                0x0800ba80       0x14 Middlewares\Third_Party\LoRaWAN\Mac\LoRaMacCommands.o
 .text.isSlotFree
                0x0800ba94       0x18 Middlewares\Third_Party\LoRaWAN\Mac\LoRaMacCommands.o
                0x0800ba94                isSlotFree
 .text.mallocNewMacCommandSlot
                0x0800baac       0x28 Middlewares\Third_Party\LoRaWAN\Mac\LoRaMacCommands.o
                0x0800baac                mallocNewMacCommandSlot
 .text.freeMacCommandSlot
                0x0800bad4       0x14 Middlewares\Third_Party\LoRaWAN\Mac\LoRaMacCommands.o
                0x0800bad4                freeMacCommandSlot
 .text.LoRaMacCommandsInit
                0x0800bae8       0x24 Middlewares\Third_Party\LoRaWAN\Mac\LoRaMacCommands.o
                0x0800bae8                LoRaMacCommandsInit
 .text.LoRaMacCommandsRestoreNvmCtx
                0x0800bb0c       0x1c Middlewares\Third_Party\LoRaWAN\Mac\LoRaMacCommands.o
                0x0800bb0c                LoRaMacCommandsRestoreNvmCtx
 .text.LoRaMacCommandsGetNvmCtx
                0x0800bb28        0xc Middlewares\Third_Party\LoRaWAN\Mac\LoRaMacCommands.o
                0x0800bb28                LoRaMacCommandsGetNvmCtx
 .text.LoRaMacCommandsAddCmd
                0x0800bb34       0x70 Middlewares\Third_Party\LoRaWAN\Mac\LoRaMacCommands.o
                0x0800bb34                LoRaMacCommandsAddCmd
 .text.LoRaMacCommandsRemoveCmd
                0x0800bba4       0x5c Middlewares\Third_Party\LoRaWAN\Mac\LoRaMacCommands.o
                0x0800bba4                LoRaMacCommandsRemoveCmd
 .text.LoRaMacCommandsRemoveNoneStickyCmds
                0x0800bc00       0x28 Middlewares\Third_Party\LoRaWAN\Mac\LoRaMacCommands.o
                0x0800bc00                LoRaMacCommandsRemoveNoneStickyCmds
 .text.LoRaMacCommandsRemoveStickyAnsCmds
                0x0800bc28       0x38 Middlewares\Third_Party\LoRaWAN\Mac\LoRaMacCommands.o
                0x0800bc28                LoRaMacCommandsRemoveStickyAnsCmds
 .text.LoRaMacCommandsGetSizeSerializedCmds
                0x0800bc60       0x18 Middlewares\Third_Party\LoRaWAN\Mac\LoRaMacCommands.o
                0x0800bc60                LoRaMacCommandsGetSizeSerializedCmds
 .text.LoRaMacCommandsSerializeCmds
                0x0800bc78       0x48 Middlewares\Third_Party\LoRaWAN\Mac\LoRaMacCommands.o
                0x0800bc78                LoRaMacCommandsSerializeCmds
 .text.LoRaMacCommandsStickyCmdsPending
                0x0800bcc0       0x2c Middlewares\Third_Party\LoRaWAN\Mac\LoRaMacCommands.o
                0x0800bcc0                LoRaMacCommandsStickyCmdsPending
 .text.LoRaMacConfirmQueueInit
                0x0800bcec       0x30 Middlewares\Third_Party\LoRaWAN\Mac\LoRaMacConfirmQueue.o
                0x0800bcec                LoRaMacConfirmQueueInit
 .text.LoRaMacConfirmQueueRestoreNvmCtx
                0x0800bd1c       0x18 Middlewares\Third_Party\LoRaWAN\Mac\LoRaMacConfirmQueue.o
                0x0800bd1c                LoRaMacConfirmQueueRestoreNvmCtx
 .text.LoRaMacConfirmQueueGetNvmCtx
                0x0800bd34        0xc Middlewares\Third_Party\LoRaWAN\Mac\LoRaMacConfirmQueue.o
                0x0800bd34                LoRaMacConfirmQueueGetNvmCtx
 .text.LoRaMacConfirmQueueAdd
                0x0800bd40       0x3c Middlewares\Third_Party\LoRaWAN\Mac\LoRaMacConfirmQueue.o
                0x0800bd40                LoRaMacConfirmQueueAdd
 .text.LoRaMacConfirmQueueRemoveFirst
                0x0800bd7c       0x2c Middlewares\Third_Party\LoRaWAN\Mac\LoRaMacConfirmQueue.o
                0x0800bd7c                LoRaMacConfirmQueueRemoveFirst
 .text.LoRaMacConfirmQueueSetStatus
                0x0800bda8       0x38 Middlewares\Third_Party\LoRaWAN\Mac\LoRaMacConfirmQueue.o
                0x0800bda8                LoRaMacConfirmQueueSetStatus
 .text.LoRaMacConfirmQueueGetStatus
                0x0800bde0       0x3c Middlewares\Third_Party\LoRaWAN\Mac\LoRaMacConfirmQueue.o
                0x0800bde0                LoRaMacConfirmQueueGetStatus
 .text.LoRaMacConfirmQueueSetStatusCmn
                0x0800be1c       0x38 Middlewares\Third_Party\LoRaWAN\Mac\LoRaMacConfirmQueue.o
                0x0800be1c                LoRaMacConfirmQueueSetStatusCmn
 .text.LoRaMacConfirmQueueGetStatusCmn
                0x0800be54        0xc Middlewares\Third_Party\LoRaWAN\Mac\LoRaMacConfirmQueue.o
                0x0800be54                LoRaMacConfirmQueueGetStatusCmn
 .text.LoRaMacConfirmQueueIsCmdActive
                0x0800be60       0x30 Middlewares\Third_Party\LoRaWAN\Mac\LoRaMacConfirmQueue.o
                0x0800be60                LoRaMacConfirmQueueIsCmdActive
 .text.LoRaMacConfirmQueueHandleCb
                0x0800be90       0x58 Middlewares\Third_Party\LoRaWAN\Mac\LoRaMacConfirmQueue.o
                0x0800be90                LoRaMacConfirmQueueHandleCb
 .text.LoRaMacConfirmQueueGetCnt
                0x0800bee8        0xc Middlewares\Third_Party\LoRaWAN\Mac\LoRaMacConfirmQueue.o
                0x0800bee8                LoRaMacConfirmQueueGetCnt
 .text.LoRaMacConfirmQueueIsFull
                0x0800bef4       0x14 Middlewares\Third_Party\LoRaWAN\Mac\LoRaMacConfirmQueue.o
                0x0800bef4                LoRaMacConfirmQueueIsFull
 .text.DummyCB  0x0800bf08        0x2 Middlewares\Third_Party\LoRaWAN\Mac\LoRaMacCrypto.o
 *fill*         0x0800bf0a        0x2 
 .text.DeriveLifeTimeSessionKey
                0x0800bf0c       0x5c Middlewares\Third_Party\LoRaWAN\Mac\LoRaMacCrypto.o
 .text.PayloadEncrypt
                0x0800bf68       0xca Middlewares\Third_Party\LoRaWAN\Mac\LoRaMacCrypto.o
 .text.FOptsEncrypt
                0x0800c032       0xae Middlewares\Third_Party\LoRaWAN\Mac\LoRaMacCrypto.o
 .text.DeriveSessionKey11x
                0x0800c0e0       0x98 Middlewares\Third_Party\LoRaWAN\Mac\LoRaMacCrypto.o
 .text.DeriveSessionKey10x
                0x0800c178       0x80 Middlewares\Third_Party\LoRaWAN\Mac\LoRaMacCrypto.o
 .text.ComputeCmacB1.constprop.5
                0x0800c1f8       0xbc Middlewares\Third_Party\LoRaWAN\Mac\LoRaMacCrypto.o
 .text.VerifyCmacB0.constprop.6
                0x0800c2b4       0xac Middlewares\Third_Party\LoRaWAN\Mac\LoRaMacCrypto.o
 .text.ComputeCmacB0.part.4.constprop.8
                0x0800c360       0x94 Middlewares\Third_Party\LoRaWAN\Mac\LoRaMacCrypto.o
 .text.ResetFCnts
                0x0800c3f4       0x24 Middlewares\Third_Party\LoRaWAN\Mac\LoRaMacCrypto.o
                0x0800c3f4                ResetFCnts
 .text.LoRaMacCryptoInit
                0x0800c418       0x58 Middlewares\Third_Party\LoRaWAN\Mac\LoRaMacCrypto.o
                0x0800c418                LoRaMacCryptoInit
 .text.LoRaMacCryptoSetLrWanVersion
                0x0800c470        0xc Middlewares\Third_Party\LoRaWAN\Mac\LoRaMacCrypto.o
                0x0800c470                LoRaMacCryptoSetLrWanVersion
 .text.LoRaMacCryptoRestoreNvmCtx
                0x0800c47c       0x1c Middlewares\Third_Party\LoRaWAN\Mac\LoRaMacCrypto.o
                0x0800c47c                LoRaMacCryptoRestoreNvmCtx
 .text.LoRaMacCryptoGetNvmCtx
                0x0800c498        0xc Middlewares\Third_Party\LoRaWAN\Mac\LoRaMacCrypto.o
                0x0800c498                LoRaMacCryptoGetNvmCtx
 .text.LoRaMacCryptoSetKey
                0x0800c4a4       0x14 Middlewares\Third_Party\LoRaWAN\Mac\LoRaMacCrypto.o
                0x0800c4a4                LoRaMacCryptoSetKey
 .text.LoRaMacCryptoPrepareJoinRequest
                0x0800c4b8       0x70 Middlewares\Third_Party\LoRaWAN\Mac\LoRaMacCrypto.o
                0x0800c4b8                LoRaMacCryptoPrepareJoinRequest
 .text.LoRaMacCryptoHandleJoinAccept
                0x0800c528      0x1c4 Middlewares\Third_Party\LoRaWAN\Mac\LoRaMacCrypto.o
                0x0800c528                LoRaMacCryptoHandleJoinAccept
 .text.LoRaMacCryptoSecureMessage
                0x0800c6ec      0x13c Middlewares\Third_Party\LoRaWAN\Mac\LoRaMacCrypto.o
                0x0800c6ec                LoRaMacCryptoSecureMessage
 .text.LoRaMacCryptoUnsecureMessage
                0x0800c828      0x14c Middlewares\Third_Party\LoRaWAN\Mac\LoRaMacCrypto.o
                0x0800c828                LoRaMacCryptoUnsecureMessage
 .text.NvmCtxChanged
                0x0800c974       0x14 Middlewares\Third_Party\LoRaWAN\Mac\LoRaMacFCntHandler.o
 .text.LoRaMacFCntHandlerRestoreNvmCtx
                0x0800c988       0x1c Middlewares\Third_Party\LoRaWAN\Mac\LoRaMacFCntHandler.o
                0x0800c988                LoRaMacFCntHandlerRestoreNvmCtx
 .text.LoRaMacFCntHandlerGetNvmCtx
                0x0800c9a4        0xc Middlewares\Third_Party\LoRaWAN\Mac\LoRaMacFCntHandler.o
                0x0800c9a4                LoRaMacFCntHandlerGetNvmCtx
 .text.LoRaMacGetFCntDown
                0x0800c9b0       0xbc Middlewares\Third_Party\LoRaWAN\Mac\LoRaMacFCntHandler.o
                0x0800c9b0                LoRaMacGetFCntDown
 .text.LoRaMacSetFCntDown
                0x0800ca6c       0x50 Middlewares\Third_Party\LoRaWAN\Mac\LoRaMacFCntHandler.o
                0x0800ca6c                LoRaMacSetFCntDown
 .text.LoRaMacGetFCntUp
                0x0800cabc       0x18 Middlewares\Third_Party\LoRaWAN\Mac\LoRaMacFCntHandler.o
                0x0800cabc                LoRaMacGetFCntUp
 .text.LoRaMacSetFCntUp
                0x0800cad4       0x14 Middlewares\Third_Party\LoRaWAN\Mac\LoRaMacFCntHandler.o
                0x0800cad4                LoRaMacSetFCntUp
 .text.LoRaMacResetFCnts
                0x0800cae8       0x28 Middlewares\Third_Party\LoRaWAN\Mac\LoRaMacFCntHandler.o
                0x0800cae8                LoRaMacResetFCnts
 .text.LoRaMacFCntHandlerInit
                0x0800cb10       0x14 Middlewares\Third_Party\LoRaWAN\Mac\LoRaMacFCntHandler.o
                0x0800cb10                LoRaMacFCntHandlerInit
 .text.LoRaMacFCntHandlerSetMulticastReference
                0x0800cb24       0x28 Middlewares\Third_Party\LoRaWAN\Mac\LoRaMacFCntHandler.o
                0x0800cb24                LoRaMacFCntHandlerSetMulticastReference
 .text.LoRaMacParserJoinAccept
                0x0800cb4c       0x98 Middlewares\Third_Party\LoRaWAN\Mac\LoRaMacParser.o
                0x0800cb4c                LoRaMacParserJoinAccept
 .text.LoRaMacParserData
                0x0800cbe4       0xb6 Middlewares\Third_Party\LoRaWAN\Mac\LoRaMacParser.o
                0x0800cbe4                LoRaMacParserData
 .text.LoRaMacSerializerJoinRequest
                0x0800cc9a       0x6a Middlewares\Third_Party\LoRaWAN\Mac\LoRaMacSerializer.o
                0x0800cc9a                LoRaMacSerializerJoinRequest
 .text.LoRaMacSerializerData
                0x0800cd04       0xe0 Middlewares\Third_Party\LoRaWAN\Mac\LoRaMacSerializer.o
                0x0800cd04                LoRaMacSerializerData
 .text.RegionIsActive
                0x0800cde4        0x8 Middlewares\Third_Party\LoRaWAN\Mac\region\Region.o
                0x0800cde4                RegionIsActive
 .text.RegionGetPhyParam
                0x0800cdec       0x18 Middlewares\Third_Party\LoRaWAN\Mac\region\Region.o
                0x0800cdec                RegionGetPhyParam
 .text.RegionSetBandTxDone
                0x0800ce04        0xe Middlewares\Third_Party\LoRaWAN\Mac\region\Region.o
                0x0800ce04                RegionSetBandTxDone
 .text.RegionInitDefaults
                0x0800ce12        0xe Middlewares\Third_Party\LoRaWAN\Mac\region\Region.o
                0x0800ce12                RegionInitDefaults
 .text.RegionGetNvmCtx
                0x0800ce20       0x12 Middlewares\Third_Party\LoRaWAN\Mac\region\Region.o
                0x0800ce20                RegionGetNvmCtx
 .text.RegionVerify
                0x0800ce32       0x16 Middlewares\Third_Party\LoRaWAN\Mac\region\Region.o
                0x0800ce32                RegionVerify
 .text.RegionApplyCFList
                0x0800ce48        0xe Middlewares\Third_Party\LoRaWAN\Mac\region\Region.o
                0x0800ce48                RegionApplyCFList
 .text.RegionChanMaskSet
                0x0800ce56       0x12 Middlewares\Third_Party\LoRaWAN\Mac\region\Region.o
                0x0800ce56                RegionChanMaskSet
 .text.RegionComputeRxWindowParameters
                0x0800ce68       0x16 Middlewares\Third_Party\LoRaWAN\Mac\region\Region.o
                0x0800ce68                RegionComputeRxWindowParameters
 .text.RegionRxConfig
                0x0800ce7e       0x16 Middlewares\Third_Party\LoRaWAN\Mac\region\Region.o
                0x0800ce7e                RegionRxConfig
 .text.RegionTxConfig
                0x0800ce94       0x18 Middlewares\Third_Party\LoRaWAN\Mac\region\Region.o
                0x0800ce94                RegionTxConfig
 .text.RegionLinkAdrReq
                0x0800ceac       0x1e Middlewares\Third_Party\LoRaWAN\Mac\region\Region.o
                0x0800ceac                RegionLinkAdrReq
 .text.RegionRxParamSetupReq
                0x0800ceca       0x12 Middlewares\Third_Party\LoRaWAN\Mac\region\Region.o
                0x0800ceca                RegionRxParamSetupReq
 .text.RegionNewChannelReq
                0x0800cedc       0x12 Middlewares\Third_Party\LoRaWAN\Mac\region\Region.o
                0x0800cedc                RegionNewChannelReq
 .text.RegionTxParamSetupReq
                0x0800ceee       0x12 Middlewares\Third_Party\LoRaWAN\Mac\region\Region.o
                0x0800ceee                RegionTxParamSetupReq
 .text.RegionDlChannelReq
                0x0800cf00       0x12 Middlewares\Third_Party\LoRaWAN\Mac\region\Region.o
                0x0800cf00                RegionDlChannelReq
 .text.RegionAlternateDr
                0x0800cf12       0x16 Middlewares\Third_Party\LoRaWAN\Mac\region\Region.o
                0x0800cf12                RegionAlternateDr
 .text.RegionCalcBackOff
                0x0800cf28        0xe Middlewares\Third_Party\LoRaWAN\Mac\region\Region.o
                0x0800cf28                RegionCalcBackOff
 .text.RegionNextChannel
                0x0800cf36       0x1a Middlewares\Third_Party\LoRaWAN\Mac\region\Region.o
                0x0800cf36                RegionNextChannel
 .text.RegionSetContinuousWave
                0x0800cf50        0xe Middlewares\Third_Party\LoRaWAN\Mac\region\Region.o
                0x0800cf50                RegionSetContinuousWave
 .text.RegionApplyDrOffset
                0x0800cf5e       0x18 Middlewares\Third_Party\LoRaWAN\Mac\region\Region.o
                0x0800cf5e                RegionApplyDrOffset
 *fill*         0x0800cf76        0x2 
 .text.RegionCommonGetJoinDc
                0x0800cf78       0x28 Middlewares\Third_Party\LoRaWAN\Mac\region\RegionCommon.o
                0x0800cf78                RegionCommonGetJoinDc
 .text.RegionCommonChanVerifyDr
                0x0800cfa0       0x6e Middlewares\Third_Party\LoRaWAN\Mac\region\RegionCommon.o
                0x0800cfa0                RegionCommonChanVerifyDr
 .text.RegionCommonValueInRange
                0x0800d00e       0x14 Middlewares\Third_Party\LoRaWAN\Mac\region\RegionCommon.o
                0x0800d00e                RegionCommonValueInRange
 .text.RegionCommonChanDisable
                0x0800d022       0x2a Middlewares\Third_Party\LoRaWAN\Mac\region\RegionCommon.o
                0x0800d022                RegionCommonChanDisable
 .text.RegionCommonCountChannels
                0x0800d04c       0x40 Middlewares\Third_Party\LoRaWAN\Mac\region\RegionCommon.o
                0x0800d04c                RegionCommonCountChannels
 .text.RegionCommonChanMaskCopy
                0x0800d08c       0x1c Middlewares\Third_Party\LoRaWAN\Mac\region\RegionCommon.o
                0x0800d08c                RegionCommonChanMaskCopy
 .text.RegionCommonSetBandTxDone
                0x0800d0a8        0xc Middlewares\Third_Party\LoRaWAN\Mac\region\RegionCommon.o
                0x0800d0a8                RegionCommonSetBandTxDone
 .text.RegionCommonUpdateBandTimeOff
                0x0800d0b4       0xa0 Middlewares\Third_Party\LoRaWAN\Mac\region\RegionCommon.o
                0x0800d0b4                RegionCommonUpdateBandTimeOff
 .text.RegionCommonParseLinkAdrReq
                0x0800d154       0x36 Middlewares\Third_Party\LoRaWAN\Mac\region\RegionCommon.o
                0x0800d154                RegionCommonParseLinkAdrReq
 .text.RegionCommonLinkAdrReqVerifyParams
                0x0800d18a       0x8e Middlewares\Third_Party\LoRaWAN\Mac\region\RegionCommon.o
                0x0800d18a                RegionCommonLinkAdrReqVerifyParams
 .text.RegionCommonComputeSymbolTimeLoRa
                0x0800d218       0x34 Middlewares\Third_Party\LoRaWAN\Mac\region\RegionCommon.o
                0x0800d218                RegionCommonComputeSymbolTimeLoRa
 .text.RegionCommonComputeSymbolTimeFsk
                0x0800d24c       0x18 Middlewares\Third_Party\LoRaWAN\Mac\region\RegionCommon.o
                0x0800d24c                RegionCommonComputeSymbolTimeFsk
 .text.RegionCommonComputeRxWindowParameters
                0x0800d264       0xb4 Middlewares\Third_Party\LoRaWAN\Mac\region\RegionCommon.o
                0x0800d264                RegionCommonComputeRxWindowParameters
 .text.RegionCommonComputeTxPower
                0x0800d318       0x2a Middlewares\Third_Party\LoRaWAN\Mac\region\RegionCommon.o
                0x0800d318                RegionCommonComputeTxPower
 .text.RegionCommonCalcBackOff
                0x0800d342       0x58 Middlewares\Third_Party\LoRaWAN\Mac\region\RegionCommon.o
                0x0800d342                RegionCommonCalcBackOff
 *fill*         0x0800d39a        0x2 
 .text.VerifyRfFreq
                0x0800d39c       0x9c Middlewares\Third_Party\LoRaWAN\Mac\region\RegionEU868.o
 .text.RegionEU868GetPhyParam
                0x0800d438      0x100 Middlewares\Third_Party\LoRaWAN\Mac\region\RegionEU868.o
                0x0800d438                RegionEU868GetPhyParam
 .text.RegionEU868SetBandTxDone
                0x0800d538       0x24 Middlewares\Third_Party\LoRaWAN\Mac\region\RegionEU868.o
                0x0800d538                RegionEU868SetBandTxDone
 .text.RegionEU868InitDefaults
                0x0800d55c       0xa8 Middlewares\Third_Party\LoRaWAN\Mac\region\RegionEU868.o
                0x0800d55c                RegionEU868InitDefaults
 .text.RegionEU868GetNvmCtx
                0x0800d604       0x10 Middlewares\Third_Party\LoRaWAN\Mac\region\RegionEU868.o
                0x0800d604                RegionEU868GetNvmCtx
 .text.RegionEU868Verify
                0x0800d614       0x3e Middlewares\Third_Party\LoRaWAN\Mac\region\RegionEU868.o
                0x0800d614                RegionEU868Verify
 *fill*         0x0800d652        0x2 
 .text.RegionEU868ChanMaskSet
                0x0800d654       0x30 Middlewares\Third_Party\LoRaWAN\Mac\region\RegionEU868.o
                0x0800d654                RegionEU868ChanMaskSet
 .text.RegionEU868ComputeRxWindowParameters
                0x0800d684       0x84 Middlewares\Third_Party\LoRaWAN\Mac\region\RegionEU868.o
                0x0800d684                RegionEU868ComputeRxWindowParameters
 .text.RegionEU868RxConfig
                0x0800d708       0xf0 Middlewares\Third_Party\LoRaWAN\Mac\region\RegionEU868.o
                0x0800d708                RegionEU868RxConfig
 .text.RegionEU868TxConfig
                0x0800d7f8      0x120 Middlewares\Third_Party\LoRaWAN\Mac\region\RegionEU868.o
                0x0800d7f8                RegionEU868TxConfig
 .text.RegionEU868LinkAdrReq
                0x0800d918      0x140 Middlewares\Third_Party\LoRaWAN\Mac\region\RegionEU868.o
                0x0800d918                RegionEU868LinkAdrReq
 .text.RegionEU868RxParamSetupReq
                0x0800da58       0x46 Middlewares\Third_Party\LoRaWAN\Mac\region\RegionEU868.o
                0x0800da58                RegionEU868RxParamSetupReq
 .text.RegionEU868TxParamSetupReq
                0x0800da9e        0x6 Middlewares\Third_Party\LoRaWAN\Mac\region\RegionEU868.o
                0x0800da9e                RegionEU868TxParamSetupReq
 .text.RegionEU868DlChannelReq
                0x0800daa4       0x40 Middlewares\Third_Party\LoRaWAN\Mac\region\RegionEU868.o
                0x0800daa4                RegionEU868DlChannelReq
 .text.RegionEU868AlternateDr
                0x0800dae4        0x2 Middlewares\Third_Party\LoRaWAN\Mac\region\RegionEU868.o
                0x0800dae4                RegionEU868AlternateDr
 *fill*         0x0800dae6        0x2 
 .text.RegionEU868CalcBackOff
                0x0800dae8       0x34 Middlewares\Third_Party\LoRaWAN\Mac\region\RegionEU868.o
                0x0800dae8                RegionEU868CalcBackOff
 .text.RegionEU868NextChannel
                0x0800db1c      0x120 Middlewares\Third_Party\LoRaWAN\Mac\region\RegionEU868.o
                0x0800db1c                RegionEU868NextChannel
 .text.RegionEU868ChannelAdd
                0x0800dc3c       0xac Middlewares\Third_Party\LoRaWAN\Mac\region\RegionEU868.o
                0x0800dc3c                RegionEU868ChannelAdd
 .text.RegionEU868ChannelsRemove
                0x0800dce8       0x30 Middlewares\Third_Party\LoRaWAN\Mac\region\RegionEU868.o
                0x0800dce8                RegionEU868ChannelsRemove
 .text.RegionEU868ApplyCFList
                0x0800dd18       0x72 Middlewares\Third_Party\LoRaWAN\Mac\region\RegionEU868.o
                0x0800dd18                RegionEU868ApplyCFList
 .text.RegionEU868NewChannelReq
                0x0800dd8a       0x50 Middlewares\Third_Party\LoRaWAN\Mac\region\RegionEU868.o
                0x0800dd8a                RegionEU868NewChannelReq
 *fill*         0x0800ddda        0x2 
 .text.RegionEU868SetContinuousWave
                0x0800dddc       0x4c Middlewares\Third_Party\LoRaWAN\Mac\region\RegionEU868.o
                0x0800dddc                RegionEU868SetContinuousWave
 .text.RegionEU868ApplyDrOffset
                0x0800de28       0x10 Middlewares\Third_Party\LoRaWAN\Mac\region\RegionEU868.o
                0x0800de28                RegionEU868ApplyDrOffset
 .text.LPM_SetOffMode
                0x0800de38       0x2c Middlewares\Third_Party\LoRaWAN\Utilities\low_power_manager.o
                0x0800de38                LPM_SetOffMode
 .text.LPM_SetStopMode
                0x0800de64       0x2c Middlewares\Third_Party\LoRaWAN\Utilities\low_power_manager.o
                0x0800de64                LPM_SetStopMode
 .text.LPM_GetMode
                0x0800de90       0x28 Middlewares\Third_Party\LoRaWAN\Utilities\low_power_manager.o
                0x0800de90                LPM_GetMode
 .text.LPM_ExitSleepMode
                0x0800deb8        0x2 Middlewares\Third_Party\LoRaWAN\Utilities\low_power_manager.o
                0x0800deb8                LPM_ExitSleepMode
 .text.LPM_EnterOffMode
                0x0800deba        0x2 Middlewares\Third_Party\LoRaWAN\Utilities\low_power_manager.o
                0x0800deba                LPM_EnterOffMode
 .text.LPM_ExitOffMode
                0x0800debc        0x2 Middlewares\Third_Party\LoRaWAN\Utilities\low_power_manager.o
                0x0800debc                LPM_ExitOffMode
 *fill*         0x0800debe        0x2 
 .text.LPM_EnterLowPower
                0x0800dec0       0x38 Middlewares\Third_Party\LoRaWAN\Utilities\low_power_manager.o
                0x0800dec0                LPM_EnterLowPower
 .text.add_elementSize_and_inc_writeIdx
                0x0800def8       0x32 Middlewares\Third_Party\LoRaWAN\Utilities\queue.o
 .text.circular_queue_init
                0x0800df2a       0x10 Middlewares\Third_Party\LoRaWAN\Utilities\queue.o
                0x0800df2a                circular_queue_init
 .text.circular_queue_add
                0x0800df3a       0xea Middlewares\Third_Party\LoRaWAN\Utilities\queue.o
                0x0800df3a                circular_queue_add
 .text.circular_queue_get
                0x0800e024       0x3a Middlewares\Third_Party\LoRaWAN\Utilities\queue.o
                0x0800e024                circular_queue_get
 .text.circular_queue_remove
                0x0800e05e       0x56 Middlewares\Third_Party\LoRaWAN\Utilities\queue.o
                0x0800e05e                circular_queue_remove
 .text.circular_queue_sense
                0x0800e0b4        0xa Middlewares\Third_Party\LoRaWAN\Utilities\queue.o
                0x0800e0b4                circular_queue_sense
 *fill*         0x0800e0be        0x2 
 .text.SysTimeAdd
                0x0800e0c0       0x34 Middlewares\Third_Party\LoRaWAN\Utilities\systime.o
                0x0800e0c0                SysTimeAdd
 .text.SysTimeSub
                0x0800e0f4       0x2c Middlewares\Third_Party\LoRaWAN\Utilities\systime.o
                0x0800e0f4                SysTimeSub
 .text.SysTimeSet
                0x0800e120       0x3a Middlewares\Third_Party\LoRaWAN\Utilities\systime.o
                0x0800e120                SysTimeSet
 *fill*         0x0800e15a        0x2 
 .text.SysTimeGet
                0x0800e15c       0x54 Middlewares\Third_Party\LoRaWAN\Utilities\systime.o
                0x0800e15c                SysTimeGet
 .text.SysTimeGetMcuTime
                0x0800e1b0       0x1e Middlewares\Third_Party\LoRaWAN\Utilities\systime.o
                0x0800e1b0                SysTimeGetMcuTime
 .text.TimerSetTimeout
                0x0800e1ce       0x2a Middlewares\Third_Party\LoRaWAN\Utilities\timeServer.o
 .text.TimerInsertNewHeadTimer
                0x0800e1f8       0x1c Middlewares\Third_Party\LoRaWAN\Utilities\timeServer.o
 .text.TimerInit
                0x0800e214       0x12 Middlewares\Third_Party\LoRaWAN\Utilities\timeServer.o
                0x0800e214                TimerInit
 *fill*         0x0800e226        0x2 
 .text.TimerStart
                0x0800e228       0x74 Middlewares\Third_Party\LoRaWAN\Utilities\timeServer.o
                0x0800e228                TimerStart
 .text.TimerIsStarted
                0x0800e29c        0x4 Middlewares\Third_Party\LoRaWAN\Utilities\timeServer.o
                0x0800e29c                TimerIsStarted
 .text.TimerIrqHandler
                0x0800e2a0       0x84 Middlewares\Third_Party\LoRaWAN\Utilities\timeServer.o
                0x0800e2a0                TimerIrqHandler
 .text.TimerStop
                0x0800e324       0x58 Middlewares\Third_Party\LoRaWAN\Utilities\timeServer.o
                0x0800e324                TimerStop
 .text.TimerSetValue
                0x0800e37c       0x22 Middlewares\Third_Party\LoRaWAN\Utilities\timeServer.o
                0x0800e37c                TimerSetValue
 .text.TimerGetCurrentTime
                0x0800e39e        0xc Middlewares\Third_Party\LoRaWAN\Utilities\timeServer.o
                0x0800e39e                TimerGetCurrentTime
 .text.TimerGetElapsedTime
                0x0800e3aa       0x18 Middlewares\Third_Party\LoRaWAN\Utilities\timeServer.o
                0x0800e3aa                TimerGetElapsedTime
 *fill*         0x0800e3c2        0x2 
 .text.Trace_TxCpltCallback
                0x0800e3c4       0x54 Middlewares\Third_Party\LoRaWAN\Utilities\trace.o
 .text.TraceInit
                0x0800e418       0x24 Middlewares\Third_Party\LoRaWAN\Utilities\trace.o
                0x0800e418                TraceInit
 .text.TraceSend
                0x0800e43c       0x78 Middlewares\Third_Party\LoRaWAN\Utilities\trace.o
                0x0800e43c                TraceSend
 .text.rand1    0x0800e4b4       0x2c Middlewares\Third_Party\LoRaWAN\Utilities\utilities.o
                0x0800e4b4                rand1
 .text.srand1   0x0800e4e0        0xc Middlewares\Third_Party\LoRaWAN\Utilities\utilities.o
                0x0800e4e0                srand1
 .text.randr    0x0800e4ec       0x16 Middlewares\Third_Party\LoRaWAN\Utilities\utilities.o
                0x0800e4ec                randr